{
  "project": "Consilium",
  "phase": "P01",
  "scope": "OFFLINE_FOUNDATION_DEMO",
  "debate_completed": false,
  "live_provider_calls": 0,
  "result": {
    "identity": {
      "logical_operation_id": "51bf26f9-2f5a-4600-9856-f9ebfa4b0ef3",
      "attempt_id": "7b6c4c68-76e1-4d0f-82e0-285e7e5df2c4",
      "generation_id": null
    },
    "request_hash": "8d9463413a64d78b7c36158fbfa49451aeef55b0fa5eefa2becd7bb0820f943c",
    "connection_id": "61d03a33-45f8-44b1-b837-e0abeb04769f",
    "connection_revision": 0,
    "delivery": "UNKNOWN_DELIVERY",
    "response_state": "NONE",
    "content": null,
    "failure": "TIMEOUT",
    "response_id": null,
    "evidence": [
      "MOCK_ONLY:timeout_after_send"
    ],
    "elapsed_seconds": 2.0
  }
}
