test_blocked_phase_reporting_finishes_supervised_task_without_accepting_phase (test_development_supervisor.DevelopmentSupervisorTests.test_blocked_phase_reporting_finishes_supervised_task_without_accepting_phase) ... ok
test_blocker_receipt_requires_its_retained_artifact (test_development_supervisor.DevelopmentSupervisorTests.test_blocker_receipt_requires_its_retained_artifact) ... ok
test_changed_source_or_modified_receipt_blocks_reconciliation (test_development_supervisor.DevelopmentSupervisorTests.test_changed_source_or_modified_receipt_blocks_reconciliation) ... ok
test_completed_receipt_before_hang_is_reverified_and_queue_continues (test_development_supervisor.DevelopmentSupervisorTests.test_completed_receipt_before_hang_is_reverified_and_queue_continues) ... ok
test_default_is_five_minutes_since_progress_not_start (test_development_supervisor.DevelopmentSupervisorTests.test_default_is_five_minutes_since_progress_not_start) ... ok
test_delayed_completed_receipt_before_hang_is_reverified_without_replay (test_development_supervisor.DevelopmentSupervisorTests.test_delayed_completed_receipt_before_hang_is_reverified_without_replay) ... FAIL
test_incomplete_safe_check_retries_once_and_preserves_both_attempts (test_development_supervisor.DevelopmentSupervisorTests.test_incomplete_safe_check_retries_once_and_preserves_both_attempts) ... ok
test_missing_declared_artifact_cannot_be_reconciled_as_complete (test_development_supervisor.DevelopmentSupervisorTests.test_missing_declared_artifact_cannot_be_reconciled_as_complete) ... ok
test_nested_child_cannot_reset_owners_progress (test_development_supervisor.DevelopmentSupervisorTests.test_nested_child_cannot_reset_owners_progress) ... ok
test_nonreplayable_step_is_not_resent_after_timeout (test_development_supervisor.DevelopmentSupervisorTests.test_nonreplayable_step_is_not_resent_after_timeout) ... ok
test_old_pass_never_advances_to_next_command (test_development_supervisor.DevelopmentSupervisorTests.test_old_pass_never_advances_to_next_command) ... ok
test_output_noise_cannot_prevent_killing_parent_and_child (test_development_supervisor.DevelopmentSupervisorTests.test_output_noise_cannot_prevent_killing_parent_and_child) ... ok
test_successful_parent_does_not_leave_unfinished_child (test_development_supervisor.DevelopmentSupervisorTests.test_successful_parent_does_not_leave_unfinished_child) ... ok
test_wrong_nonce_pid_duplicate_milestone_and_sequence_are_not_progress (test_development_supervisor.DevelopmentSupervisorTests.test_wrong_nonce_pid_duplicate_milestone_and_sequence_are_not_progress) ... ok
test_native_evidence_survives_git_staging_and_checkout_byte_for_byte (test_git_preservation.GitEvidencePreservation.test_native_evidence_survives_git_staging_and_checkout_byte_for_byte) ... ok
test_failure_before_reports_exist_still_publishes_a_failed_checkpoint (test_native_recording.NativeRecordingControls.test_failure_before_reports_exist_still_publishes_a_failed_checkpoint) ... ok
test_old_mutable_reports_cannot_be_reused_as_a_fresh_native_run (test_native_recording.NativeRecordingControls.test_old_mutable_reports_cannot_be_reused_as_a_fresh_native_run) ... ok
test_timed_out_check_preserves_partial_log_and_failed_checkpoint (test_native_recording.NativeRecordingControls.test_timed_out_check_preserves_partial_log_and_failed_checkpoint) ... ok
test_default_command_still_blocks_on_phase_gate (test_phase_reporting.PhaseReportingControls.test_default_command_still_blocks_on_phase_gate) ... ok
test_reporting_blocked_phase_never_runs_or_accepts_it (test_phase_reporting.PhaseReportingControls.test_reporting_blocked_phase_never_runs_or_accepts_it) ... ok
test_reporting_option_never_hides_invalid_governance (test_phase_reporting.PhaseReportingControls.test_reporting_option_never_hides_invalid_governance) ... ok
test_exact_ref_read_resolves_without_repeating_write (test_publication_guard.PublicationGuardTests.test_exact_ref_read_resolves_without_repeating_write) ... ok
test_late_ref_can_be_reverified_read_only_after_blocking_old_ref (test_publication_guard.PublicationGuardTests.test_late_ref_can_be_reverified_read_only_after_blocking_old_ref) ... ok
test_long_or_invalid_wait_and_unknown_error_text_are_rejected (test_publication_guard.PublicationGuardTests.test_long_or_invalid_wait_and_unknown_error_text_are_rejected) ... ok
test_mismatched_result_blocks_and_never_becomes_success (test_publication_guard.PublicationGuardTests.test_mismatched_result_blocks_and_never_becomes_success) ... ok
test_modified_stored_plan_is_not_a_valid_permit (test_publication_guard.PublicationGuardTests.test_modified_stored_plan_is_not_a_valid_permit) ... ok
test_mutable_ref_never_retries_after_missing_or_old_read (test_publication_guard.PublicationGuardTests.test_mutable_ref_never_retries_after_missing_or_old_read) ... ok
test_new_plan_cannot_bypass_unknown_mutation_on_same_resource (test_publication_guard.PublicationGuardTests.test_new_plan_cannot_bypass_unknown_mutation_on_same_resource) ... ok
test_only_one_immutable_retry_and_old_attempt_cannot_finish_it (test_publication_guard.PublicationGuardTests.test_only_one_immutable_retry_and_old_attempt_cannot_finish_it) ... ok
test_payload_and_credentials_are_not_accepted_in_public_plan (test_publication_guard.PublicationGuardTests.test_payload_and_credentials_are_not_accepted_in_public_plan) ... ok
test_pending_intent_survives_restart_and_blocks_duplicate (test_publication_guard.PublicationGuardTests.test_pending_intent_survives_restart_and_blocks_duplicate) ... ok
test_repreparing_same_plan_keeps_completed_checkpoint (test_publication_guard.PublicationGuardTests.test_repreparing_same_plan_keeps_completed_checkpoint) ... ok
test_server_commit_never_uses_immutable_object_retry_or_sha_only_reconciliation (test_publication_guard.PublicationGuardTests.test_server_commit_never_uses_immutable_object_retry_or_sha_only_reconciliation) ... ok
test_server_commit_rejects_unbounded_or_missing_evidence (test_publication_guard.PublicationGuardTests.test_server_commit_rejects_unbounded_or_missing_evidence) ... ok
test_server_commit_requires_independently_read_exact_tree_parents_and_message (test_publication_guard.PublicationGuardTests.test_server_commit_requires_independently_read_exact_tree_parents_and_message) ... ok
test_timeout_is_unknown_until_read_reconciliation (test_publication_guard.PublicationGuardTests.test_timeout_is_unknown_until_read_reconciliation) ... ok
test_two_connections_cannot_obtain_same_permit (test_publication_guard.PublicationGuardTests.test_two_connections_cannot_obtain_same_permit) ... ok
test_accepted_criterion_bytes_survive_later_changes (test_qualityctl.QualityControls.test_accepted_criterion_bytes_survive_later_changes) ... ok
test_accepted_phase_advances_only_one_step (test_qualityctl.QualityControls.test_accepted_phase_advances_only_one_step) ... ok
test_archive_byte_tampering_is_rejected (test_qualityctl.QualityControls.test_archive_byte_tampering_is_rejected) ... ok
test_archive_case_collisions_are_rejected (test_qualityctl.QualityControls.test_archive_case_collisions_are_rejected) ... ok
test_archive_unsafe_member_is_rejected (test_qualityctl.QualityControls.test_archive_unsafe_member_is_rejected) ... ok
test_build_products_do_not_change_source_but_real_code_does (test_qualityctl.QualityControls.test_build_products_do_not_change_source_but_real_code_does) ... ok
test_changed_baseline_is_rejected (test_qualityctl.QualityControls.test_changed_baseline_is_rejected) ... ok
test_changed_criterion_text_blocks (test_qualityctl.QualityControls.test_changed_criterion_text_blocks) ... ok
test_current_failed_run_without_junit_keeps_error_and_log (test_qualityctl.QualityControls.test_current_failed_run_without_junit_keeps_error_and_log) ... ok
test_current_run_from_older_source_is_explicit (test_qualityctl.QualityControls.test_current_run_from_older_source_is_explicit) ... ok
test_current_run_junit_tampering_blocks_handoff (test_qualityctl.QualityControls.test_current_run_junit_tampering_blocks_handoff) ... ok
test_current_run_log_tampering_blocks_handoff (test_qualityctl.QualityControls.test_current_run_log_tampering_blocks_handoff) ... ok
test_current_run_receipt_tampering_blocks_handoff (test_qualityctl.QualityControls.test_current_run_receipt_tampering_blocks_handoff) ... ok
test_duplicate_check_ids_are_rejected (test_qualityctl.QualityControls.test_duplicate_check_ids_are_rejected) ... ok
test_empty_multiline_environment_example_is_safe (test_qualityctl.QualityControls.test_empty_multiline_environment_example_is_safe) ... ok
test_existing_acceptance_evidence_can_be_preserved_without_advancing (test_qualityctl.QualityControls.test_existing_acceptance_evidence_can_be_preserved_without_advancing) ... ok
test_expensive_acceptance_check_is_not_silently_repeated (test_qualityctl.QualityControls.test_expensive_acceptance_check_is_not_silently_repeated) ... ok
test_fabricated_completed_status_is_rejected (test_qualityctl.QualityControls.test_fabricated_completed_status_is_rejected) ... ok
test_failed_work_in_progress_preserves_checkpoint_and_run (test_qualityctl.QualityControls.test_failed_work_in_progress_preserves_checkpoint_and_run) ... ok
test_failing_junit_overrides_zero_exit (test_qualityctl.QualityControls.test_failing_junit_overrides_zero_exit) ... ok
test_gate_lock_blocks_parallel_update (test_qualityctl.QualityControls.test_gate_lock_blocks_parallel_update) ... ok
test_handoff_includes_accepted_evidence (test_qualityctl.QualityControls.test_handoff_includes_accepted_evidence) ... ok
test_handoff_includes_generated_navigation (test_qualityctl.QualityControls.test_handoff_includes_generated_navigation) ... ok
test_handoff_keeps_native_report_graph_without_editing_source_allowlist (test_qualityctl.QualityControls.test_handoff_keeps_native_report_graph_without_editing_source_allowlist) ... ok
test_handoff_keeps_precise_in_phase_resume_point (test_qualityctl.QualityControls.test_handoff_keeps_precise_in_phase_resume_point) ... ok
test_handoff_roundtrip_preserves_source_fingerprint (test_qualityctl.QualityControls.test_handoff_roundtrip_preserves_source_fingerprint) ... ok
test_incomplete_handoff_is_explicit (test_qualityctl.QualityControls.test_incomplete_handoff_is_explicit) ... ok
test_inconsistent_junit_totals_fail (test_qualityctl.QualityControls.test_inconsistent_junit_totals_fail) ... ok
test_independent_next_phase_blocker_is_preserved (test_qualityctl.QualityControls.test_independent_next_phase_blocker_is_preserved) ... ok
test_initial_status_retains_unverified_application (test_qualityctl.QualityControls.test_initial_status_retains_unverified_application) ... ok
test_invalid_timeout_is_rejected (test_qualityctl.QualityControls.test_invalid_timeout_is_rejected) ... ok
test_known_low_severity_defect_blocks (test_qualityctl.QualityControls.test_known_low_severity_defect_blocks) ... ok
test_latest_pointer_cannot_reference_another_phase (test_qualityctl.QualityControls.test_latest_pointer_cannot_reference_another_phase) ... ok
test_manually_changed_navigation_is_not_a_second_truth (test_qualityctl.QualityControls.test_manually_changed_navigation_is_not_a_second_truth) ... ok
test_missing_exit_criterion_blocks (test_qualityctl.QualityControls.test_missing_exit_criterion_blocks) ... ok
test_missing_review_does_not_advance_progress (test_qualityctl.QualityControls.test_missing_review_does_not_advance_progress) ... ok
test_navigation_detects_changed_progress_and_refreshes (test_qualityctl.QualityControls.test_navigation_detects_changed_progress_and_refreshes) ... ok
test_navigation_detects_changes_to_acceptance_checks (test_qualityctl.QualityControls.test_navigation_detects_changes_to_acceptance_checks) ... ok
test_navigation_does_not_advance_or_change_canonical_data (test_qualityctl.QualityControls.test_navigation_does_not_advance_or_change_canonical_data) ... ok
test_no_registered_checks_blocks_phase (test_qualityctl.QualityControls.test_no_registered_checks_blocks_phase) ... ok
test_nonempty_recognizable_environment_credential_is_rejected (test_qualityctl.QualityControls.test_nonempty_recognizable_environment_credential_is_rejected) ... ok
test_nonzero_exit_overrides_passing_junit (test_qualityctl.QualityControls.test_nonzero_exit_overrides_passing_junit) ... ok
test_old_junit_is_not_reused (test_qualityctl.QualityControls.test_old_junit_is_not_reused) ... ok
test_omitted_source_is_rejected (test_qualityctl.QualityControls.test_omitted_source_is_rejected) ... ok
test_out_of_order_phase_is_blocked (test_qualityctl.QualityControls.test_out_of_order_phase_is_blocked) ... ok
test_path_traversal_is_rejected (test_qualityctl.QualityControls.test_path_traversal_is_rejected) ... ok
test_preservation_refuses_already_changed_original_proof (test_qualityctl.QualityControls.test_preservation_refuses_already_changed_original_proof) ... ok
test_progress_change_invalidates_receipt (test_qualityctl.QualityControls.test_progress_change_invalidates_receipt) ... ok
test_regression_checks_are_included (test_qualityctl.QualityControls.test_regression_checks_are_included) ... ok
test_sensitive_file_is_rejected (test_qualityctl.QualityControls.test_sensitive_file_is_rejected) ... ok
test_shared_junit_output_is_rejected (test_qualityctl.QualityControls.test_shared_junit_output_is_rejected) ... ok
test_skipped_test_fails (test_qualityctl.QualityControls.test_skipped_test_fails) ... ok
test_source_change_invalidates_receipt (test_qualityctl.QualityControls.test_source_change_invalidates_receipt) ... ok
test_source_fingerprint_order_is_portable_across_native_path_ordering (test_qualityctl.QualityControls.test_source_fingerprint_order_is_portable_across_native_path_ordering) ... ok
test_stale_navigation_blocks_handoff (test_qualityctl.QualityControls.test_stale_navigation_blocks_handoff) ... ok
test_successful_command_without_junit_fails (test_qualityctl.QualityControls.test_successful_command_without_junit_fails) ... ok
test_symlink_is_rejected (test_qualityctl.QualityControls.test_symlink_is_rejected) ... ok
test_tampered_log_blocks (test_qualityctl.QualityControls.test_tampered_log_blocks) ... ok
test_unknown_finding_type_cannot_hide_a_defect (test_qualityctl.QualityControls.test_unknown_finding_type_cannot_hide_a_defect) ... ok
test_zero_tests_fails (test_qualityctl.QualityControls.test_zero_tests_fails) ... ok
test_another_host_cannot_be_renamed_windows (test_target_checks.TargetEvidenceControls.test_another_host_cannot_be_renamed_windows) ... ok
test_complete_current_synthetic_graph_exercises_success_path (test_target_checks.TargetEvidenceControls.test_complete_current_synthetic_graph_exercises_success_path) ... ok
test_complete_persistence_fixture_exercises_both_hosts_without_claiming_execution (test_target_checks.TargetEvidenceControls.test_complete_persistence_fixture_exercises_both_hosts_without_claiming_execution) ... ok
test_duplicate_smoke_scenarios_are_not_complete_evidence (test_target_checks.TargetEvidenceControls.test_duplicate_smoke_scenarios_are_not_complete_evidence) ... ok
test_environment_pass_label_cannot_hide_a_wrong_locked_dependency (test_target_checks.TargetEvidenceControls.test_environment_pass_label_cannot_hide_a_wrong_locked_dependency) ... ok
test_false_subcheck_status_cannot_hide_recorded_failures (test_target_checks.TargetEvidenceControls.test_false_subcheck_status_cannot_hide_recorded_failures) ... ok
test_linux_success_does_not_count_as_windows (test_target_checks.TargetEvidenceControls.test_linux_success_does_not_count_as_windows) ... ok
test_missing_check_log_is_rejected (test_target_checks.TargetEvidenceControls.test_missing_check_log_is_rejected) ... ok
test_missing_native_runs_do_not_pass (test_target_checks.TargetEvidenceControls.test_missing_native_runs_do_not_pass) ... ok
test_native_report_test_counts_must_match_junit (test_target_checks.TargetEvidenceControls.test_native_report_test_counts_must_match_junit) ... ok
test_persistence_report_from_another_host_is_refused (test_target_checks.TargetEvidenceControls.test_persistence_report_from_another_host_is_refused) ... ok
test_persistence_source_requires_native_persistence_artifacts (test_target_checks.TargetEvidenceControls.test_persistence_source_requires_native_persistence_artifacts) ... ok
test_probe_report_cannot_claim_live_acceptance (test_target_checks.TargetEvidenceControls.test_probe_report_cannot_claim_live_acceptance) ... ok
test_probe_source_requires_current_native_probe_artifacts (test_target_checks.TargetEvidenceControls.test_probe_source_requires_current_native_probe_artifacts) ... ok
test_skipped_native_test_is_rejected (test_target_checks.TargetEvidenceControls.test_skipped_native_test_is_rejected) ... ok
test_smoke_label_cannot_hide_a_wrong_delivery_outcome (test_target_checks.TargetEvidenceControls.test_smoke_label_cannot_hide_a_wrong_delivery_outcome) ... ok
test_stale_source_is_rejected (test_target_checks.TargetEvidenceControls.test_stale_source_is_rejected) ... ok
test_status_only_smoke_rows_are_rejected (test_target_checks.TargetEvidenceControls.test_status_only_smoke_rows_are_rejected) ... ok
test_synthetic_probe_graph_exercises_validator_without_certifying_browser (test_target_checks.TargetEvidenceControls.test_synthetic_probe_graph_exercises_validator_without_certifying_browser) ... ok
test_tampered_target_bytes_are_rejected (test_target_checks.TargetEvidenceControls.test_tampered_target_bytes_are_rejected) ... ok
test_wrong_python_version_is_rejected_even_if_every_label_says_pass (test_target_checks.TargetEvidenceControls.test_wrong_python_version_is_rejected_even_if_every_label_says_pass) ... ok

======================================================================
FAIL: test_delayed_completed_receipt_before_hang_is_reverified_without_replay (test_development_supervisor.DevelopmentSupervisorTests.test_delayed_completed_receipt_before_hang_is_reverified_without_replay)
----------------------------------------------------------------------
Traceback (most recent call last):
  File "/workspace/scratch/96afc5b34761/consilium-p05/tests/test_development_supervisor.py", line 71, in test_delayed_completed_receipt_before_hang_is_reverified_without_replay
    self.assertEqual(result["status"], "PASS", result)
AssertionError: 'BLOCKED' != 'PASS'
- BLOCKED
+ PASS
 : {'schema_version': 1, 'scope': 'OWNED_OFFLINE_DEVELOPMENT_NOT_CHAT_SESSION_CONTROL', 'status': 'BLOCKED', 'idle_seconds': 0.8, 'hard_seconds': 3, 'phase_advanced': False, 'source_digest': '37517e5f3dc66819f61f5a7bb8ace1921282415f10551d2defa5c3eb0985b570', 'steps': [{'step': 'complete_hang_delayed', 'attempt': 1, 'nonce': 'bfead7d81bb04aca9dfd4fdc9c96c2ef', 'status': 'INCOMPLETE', 'log': 'evidence/development-supervisor/7eb0cc8c99e44f9bbdaf3ab4d589feb4/complete_hang_delayed_1/OUTPUT.log', 'worker_pid': 17, 'retained_proof': {'artifacts': [], 'errors': ['No receipt to preserve']}, 'stop_reason': 'IDLE_TIMEOUT', 'returncode': -9, 'reconciliation': {'status': 'INCOMPLETE', 'reason': 'No completed receipt'}}], 'remaining_steps': ['complete_hang_delayed', 'complete'], 'next_action': 'REPAIR_OR_VERIFY_complete_hang_delayed'}

----------------------------------------------------------------------
Ran 118 tests in 9.653s

FAILED (failures=1)
{"scope": "DEVELOPMENT_CONTROL_TOOLING_ONLY", "status": "FAIL", "counts": {"tests": 118, "failures": 1, "errors": 0, "skipped": 0, "expected_failures": 0, "unexpected_successes": 0}}
