test_actual_process_exit_after_intent_preserves_frozen_input_and_checkpoint (test_storage.StorageTests.test_actual_process_exit_after_intent_preserves_frozen_input_and_checkpoint) ... ok
test_actual_process_exit_before_intent_keeps_previous_checkpoint (test_storage.StorageTests.test_actual_process_exit_before_intent_keeps_previous_checkpoint) ... ok
test_actual_process_exit_inside_intent_rolls_back_all_partial_writes (test_storage.StorageTests.test_actual_process_exit_inside_intent_rolls_back_all_partial_writes) ... ok
test_backup_contains_committed_intent_and_can_be_reopened (test_storage.StorageTests.test_backup_contains_committed_intent_and_can_be_reopened) ... ok
test_backup_does_not_overwrite_existing_file_or_database (test_storage.StorageTests.test_backup_does_not_overwrite_existing_file_or_database) ... ok
test_checkpoint_cannot_be_rewound_while_newer_events_exist (test_storage.StorageTests.test_checkpoint_cannot_be_rewound_while_newer_events_exist) ... ok
test_connection_cannot_be_bound_to_a_foreign_participant (test_storage.StorageTests.test_connection_cannot_be_bound_to_a_foreign_participant) ... ok
test_connection_revision_changes_and_stale_intent_is_refused (test_storage.StorageTests.test_connection_revision_changes_and_stale_intent_is_refused) ... ok
test_debate_cannot_be_created_with_an_imported_revision (test_storage.StorageTests.test_debate_cannot_be_created_with_an_imported_revision) ... ok
test_duplicate_debate_is_not_silently_replaced (test_storage.StorageTests.test_duplicate_debate_is_not_silently_replaced) ... ok
test_duplicate_logical_operation_does_not_create_another_attempt (test_storage.StorageTests.test_duplicate_logical_operation_does_not_create_another_attempt) ... ok
test_exception_late_in_intent_transaction_leaves_no_half_commit (test_storage.StorageTests.test_exception_late_in_intent_transaction_leaves_no_half_commit) ... ok
test_failed_backup_closes_destination_and_removes_partial_file (test_storage.StorageTests.test_failed_backup_closes_destination_and_removes_partial_file) ... ok
test_failed_migration_rolls_back_all_ddl (test_storage.StorageTests.test_failed_migration_rolls_back_all_ddl) ... ok
test_future_schema_is_refused_without_downgrading_it (test_storage.StorageTests.test_future_schema_is_refused_without_downgrading_it) ... ok
test_intent_for_an_older_registered_round_is_refused (test_storage.StorageTests.test_intent_for_an_older_registered_round_is_refused) ... ok
test_known_private_material_is_refused_before_persistence (test_storage.StorageTests.test_known_private_material_is_refused_before_persistence) ... ok
test_migration_is_idempotent_on_reopen (test_storage.StorageTests.test_migration_is_idempotent_on_reopen) ... ok
test_missing_schema_table_is_refused (test_storage.StorageTests.test_missing_schema_table_is_refused) ... ok
test_modified_migration_checksum_is_refused (test_storage.StorageTests.test_modified_migration_checksum_is_refused) ... ok
test_new_database_has_durable_settings_and_valid_schema (test_storage.StorageTests.test_new_database_has_durable_settings_and_valid_schema) ... ok
test_old_debate_revision_or_wrong_round_cannot_prepare_intent (test_storage.StorageTests.test_old_debate_revision_or_wrong_round_cannot_prepare_intent) ... ok
test_original_request_and_constraints_survive_reopen_exactly (test_storage.StorageTests.test_original_request_and_constraints_survive_reopen_exactly) ... ok
test_prepare_persists_exact_frozen_input_event_and_checkpoint_together (test_storage.StorageTests.test_prepare_persists_exact_frozen_input_event_and_checkpoint_together) ... ok
test_reused_attempt_id_rolls_back_new_operation_and_event (test_storage.StorageTests.test_reused_attempt_id_rolls_back_new_operation_and_event) ... ok
test_round_cannot_reference_another_debate_or_participant (test_storage.StorageTests.test_round_cannot_reference_another_debate_or_participant) ... ok
test_same_input_hash_allows_two_intentional_logical_operations (test_storage.StorageTests.test_same_input_hash_allows_two_intentional_logical_operations) ... ok
test_two_writers_cannot_both_apply_the_same_old_revision (test_storage.StorageTests.test_two_writers_cannot_both_apply_the_same_old_revision) ... ok
test_unowned_database_is_not_adopted (test_storage.StorageTests.test_unowned_database_is_not_adopted) ... ok

----------------------------------------------------------------------
Ran 29 tests in 0.435s

OK
{"phase": "P02", "scope": "P02_STORAGE_AND_PREPARED_INTENT_SLICE_NOT_PHASE_ACCEPTANCE", "status": "PASS", "counts": {"tests": 29, "failures": 0, "errors": 0, "skipped": 0}}
