{
  "project": "Consilium",
  "phase": "P01",
  "scope": "OFFLINE_FOUNDATION_DEMO",
  "debate_completed": false,
  "live_provider_calls": 0,
  "result": {
    "identity": {
      "logical_operation_id": "dd9f76f9-ae15-4f2d-9483-0401e0431cab",
      "attempt_id": "c5b509f6-d752-483d-abed-1f7949e92164",
      "generation_id": null
    },
    "request_hash": "8d9463413a64d78b7c36158fbfa49451aeef55b0fa5eefa2becd7bb0820f943c",
    "connection_id": "e7c125f9-abc2-4df7-af15-24ccf90c1256",
    "connection_revision": 0,
    "delivery": "CONFIRMED_DELIVERY",
    "response_state": "COMPLETE",
    "content": "{\"answer\":\"offline mock response\"}",
    "failure": "NONE",
    "response_id": "mock-c5b509f6-d752-483d-abed-1f7949e92164",
    "evidence": [
      "MOCK_ONLY:success"
    ],
    "elapsed_seconds": 0.0
  }
}
