{
  "project": "Consilium",
  "phase": "P01",
  "scope": "OFFLINE_FOUNDATION_DEMO",
  "debate_completed": false,
  "live_provider_calls": 0,
  "result": {
    "identity": {
      "logical_operation_id": "4d273a56-47ff-4fd1-b300-19024cab6dcc",
      "attempt_id": "38e262d6-1c31-438c-9721-b096a665c031",
      "generation_id": null
    },
    "request_hash": "8d9463413a64d78b7c36158fbfa49451aeef55b0fa5eefa2becd7bb0820f943c",
    "connection_id": "91e32d86-3a5e-4948-bcae-6e710f55a2c0",
    "connection_revision": 0,
    "delivery": "UNKNOWN_DELIVERY",
    "response_state": "NONE",
    "content": null,
    "failure": "TIMEOUT",
    "response_id": null,
    "evidence": [
      "MOCK_ONLY:timeout_after_send"
    ],
    "elapsed_seconds": 2.0
  }
}
