{
  "project": "Consilium",
  "phase": "P01",
  "scope": "OFFLINE_FOUNDATION_DEMO",
  "debate_completed": false,
  "live_provider_calls": 0,
  "result": {
    "identity": {
      "logical_operation_id": "db87d24b-a45f-4688-8802-344ffe7ec64c",
      "attempt_id": "fe7b3c9b-f5bf-423e-a556-a747da66d59a",
      "generation_id": null
    },
    "request_hash": "8d9463413a64d78b7c36158fbfa49451aeef55b0fa5eefa2becd7bb0820f943c",
    "connection_id": "265562c2-5de4-4f3f-8dc0-114503a37272",
    "connection_revision": 0,
    "delivery": "CONFIRMED_DELIVERY",
    "response_state": "PARTIAL",
    "content": "{\"answer\":\"unfinished",
    "failure": "TIMEOUT",
    "response_id": "mock-fe7b3c9b-f5bf-423e-a556-a747da66d59a",
    "evidence": [
      "MOCK_ONLY:partial"
    ],
    "elapsed_seconds": 2.0
  }
}
