{
  "project": "Consilium",
  "phase": "P01",
  "scope": "OFFLINE_FOUNDATION_DEMO",
  "debate_completed": false,
  "live_provider_calls": 0,
  "result": {
    "identity": {
      "logical_operation_id": "aa0b122b-f29d-4c70-b8cc-76f207209cef",
      "attempt_id": "c997dc60-e64f-4266-84be-6f53ae8113da",
      "generation_id": null
    },
    "request_hash": "8d9463413a64d78b7c36158fbfa49451aeef55b0fa5eefa2becd7bb0820f943c",
    "connection_id": "dfc7a033-087a-47f9-988c-44e1e58dd858",
    "connection_revision": 0,
    "delivery": "CONFIRMED_DELIVERY",
    "response_state": "PARTIAL",
    "content": "{\"answer\":\"unfinished",
    "failure": "TIMEOUT",
    "response_id": "mock-c997dc60-e64f-4266-84be-6f53ae8113da",
    "evidence": [
      "MOCK_ONLY:partial"
    ],
    "elapsed_seconds": 2.0
  }
}
