test_native_evidence_survives_git_staging_and_checkout_byte_for_byte (test_git_preservation.GitEvidencePreservation.test_native_evidence_survives_git_staging_and_checkout_byte_for_byte) ... ok
test_failure_before_reports_exist_still_publishes_a_failed_checkpoint (test_native_recording.NativeRecordingControls.test_failure_before_reports_exist_still_publishes_a_failed_checkpoint) ... ok
test_old_mutable_reports_cannot_be_reused_as_a_fresh_native_run (test_native_recording.NativeRecordingControls.test_old_mutable_reports_cannot_be_reused_as_a_fresh_native_run) ... ok
test_timed_out_check_preserves_partial_log_and_failed_checkpoint (test_native_recording.NativeRecordingControls.test_timed_out_check_preserves_partial_log_and_failed_checkpoint) ... ok
test_default_command_still_blocks_on_phase_gate (test_phase_reporting.PhaseReportingControls.test_default_command_still_blocks_on_phase_gate) ... ok
test_reporting_blocked_phase_never_runs_or_accepts_it (test_phase_reporting.PhaseReportingControls.test_reporting_blocked_phase_never_runs_or_accepts_it) ... ok
test_reporting_option_never_hides_invalid_governance (test_phase_reporting.PhaseReportingControls.test_reporting_option_never_hides_invalid_governance) ... ok
test_accepted_criterion_bytes_survive_later_changes (test_qualityctl.QualityControls.test_accepted_criterion_bytes_survive_later_changes) ... ok
test_accepted_phase_advances_only_one_step (test_qualityctl.QualityControls.test_accepted_phase_advances_only_one_step) ... ok
test_archive_byte_tampering_is_rejected (test_qualityctl.QualityControls.test_archive_byte_tampering_is_rejected) ... ok
test_archive_case_collisions_are_rejected (test_qualityctl.QualityControls.test_archive_case_collisions_are_rejected) ... ok
test_archive_unsafe_member_is_rejected (test_qualityctl.QualityControls.test_archive_unsafe_member_is_rejected) ... ok
test_build_products_do_not_change_source_but_real_code_does (test_qualityctl.QualityControls.test_build_products_do_not_change_source_but_real_code_does) ... ok
test_changed_baseline_is_rejected (test_qualityctl.QualityControls.test_changed_baseline_is_rejected) ... ok
test_changed_criterion_text_blocks (test_qualityctl.QualityControls.test_changed_criterion_text_blocks) ... ok
test_current_failed_run_without_junit_keeps_error_and_log (test_qualityctl.QualityControls.test_current_failed_run_without_junit_keeps_error_and_log) ... ok
test_current_run_from_older_source_is_explicit (test_qualityctl.QualityControls.test_current_run_from_older_source_is_explicit) ... ok
test_current_run_junit_tampering_blocks_handoff (test_qualityctl.QualityControls.test_current_run_junit_tampering_blocks_handoff) ... ok
test_current_run_log_tampering_blocks_handoff (test_qualityctl.QualityControls.test_current_run_log_tampering_blocks_handoff) ... ok
test_current_run_receipt_tampering_blocks_handoff (test_qualityctl.QualityControls.test_current_run_receipt_tampering_blocks_handoff) ... ok
test_duplicate_check_ids_are_rejected (test_qualityctl.QualityControls.test_duplicate_check_ids_are_rejected) ... ok
test_empty_multiline_environment_example_is_safe (test_qualityctl.QualityControls.test_empty_multiline_environment_example_is_safe) ... ok
test_existing_acceptance_evidence_can_be_preserved_without_advancing (test_qualityctl.QualityControls.test_existing_acceptance_evidence_can_be_preserved_without_advancing) ... ok
test_expensive_acceptance_check_is_not_silently_repeated (test_qualityctl.QualityControls.test_expensive_acceptance_check_is_not_silently_repeated) ... ok
test_fabricated_completed_status_is_rejected (test_qualityctl.QualityControls.test_fabricated_completed_status_is_rejected) ... ok
test_failed_work_in_progress_preserves_checkpoint_and_run (test_qualityctl.QualityControls.test_failed_work_in_progress_preserves_checkpoint_and_run) ... ok
test_failing_junit_overrides_zero_exit (test_qualityctl.QualityControls.test_failing_junit_overrides_zero_exit) ... ok
test_gate_lock_blocks_parallel_update (test_qualityctl.QualityControls.test_gate_lock_blocks_parallel_update) ... ok
test_handoff_includes_accepted_evidence (test_qualityctl.QualityControls.test_handoff_includes_accepted_evidence) ... ok
test_handoff_includes_generated_navigation (test_qualityctl.QualityControls.test_handoff_includes_generated_navigation) ... ok
test_handoff_keeps_native_report_graph_without_editing_source_allowlist (test_qualityctl.QualityControls.test_handoff_keeps_native_report_graph_without_editing_source_allowlist) ... ok
test_handoff_keeps_precise_in_phase_resume_point (test_qualityctl.QualityControls.test_handoff_keeps_precise_in_phase_resume_point) ... ok
test_handoff_roundtrip_preserves_source_fingerprint (test_qualityctl.QualityControls.test_handoff_roundtrip_preserves_source_fingerprint) ... ok
test_incomplete_handoff_is_explicit (test_qualityctl.QualityControls.test_incomplete_handoff_is_explicit) ... ok
test_inconsistent_junit_totals_fail (test_qualityctl.QualityControls.test_inconsistent_junit_totals_fail) ... ok
test_independent_next_phase_blocker_is_preserved (test_qualityctl.QualityControls.test_independent_next_phase_blocker_is_preserved) ... ok
test_initial_status_retains_unverified_application (test_qualityctl.QualityControls.test_initial_status_retains_unverified_application) ... ok
test_invalid_timeout_is_rejected (test_qualityctl.QualityControls.test_invalid_timeout_is_rejected) ... ok
test_known_low_severity_defect_blocks (test_qualityctl.QualityControls.test_known_low_severity_defect_blocks) ... ok
test_latest_pointer_cannot_reference_another_phase (test_qualityctl.QualityControls.test_latest_pointer_cannot_reference_another_phase) ... ok
test_manually_changed_navigation_is_not_a_second_truth (test_qualityctl.QualityControls.test_manually_changed_navigation_is_not_a_second_truth) ... ok
test_missing_exit_criterion_blocks (test_qualityctl.QualityControls.test_missing_exit_criterion_blocks) ... ok
test_missing_review_does_not_advance_progress (test_qualityctl.QualityControls.test_missing_review_does_not_advance_progress) ... ok
test_navigation_detects_changed_progress_and_refreshes (test_qualityctl.QualityControls.test_navigation_detects_changed_progress_and_refreshes) ... ok
test_navigation_detects_changes_to_acceptance_checks (test_qualityctl.QualityControls.test_navigation_detects_changes_to_acceptance_checks) ... ok
test_navigation_does_not_advance_or_change_canonical_data (test_qualityctl.QualityControls.test_navigation_does_not_advance_or_change_canonical_data) ... ok
test_no_registered_checks_blocks_phase (test_qualityctl.QualityControls.test_no_registered_checks_blocks_phase) ... ok
test_nonempty_recognizable_environment_credential_is_rejected (test_qualityctl.QualityControls.test_nonempty_recognizable_environment_credential_is_rejected) ... ok
test_nonzero_exit_overrides_passing_junit (test_qualityctl.QualityControls.test_nonzero_exit_overrides_passing_junit) ... ok
test_old_junit_is_not_reused (test_qualityctl.QualityControls.test_old_junit_is_not_reused) ... ok
test_omitted_source_is_rejected (test_qualityctl.QualityControls.test_omitted_source_is_rejected) ... ok
test_out_of_order_phase_is_blocked (test_qualityctl.QualityControls.test_out_of_order_phase_is_blocked) ... ok
test_path_traversal_is_rejected (test_qualityctl.QualityControls.test_path_traversal_is_rejected) ... ok
test_preservation_refuses_already_changed_original_proof (test_qualityctl.QualityControls.test_preservation_refuses_already_changed_original_proof) ... ok
test_progress_change_invalidates_receipt (test_qualityctl.QualityControls.test_progress_change_invalidates_receipt) ... ok
test_regression_checks_are_included (test_qualityctl.QualityControls.test_regression_checks_are_included) ... ok
test_sensitive_file_is_rejected (test_qualityctl.QualityControls.test_sensitive_file_is_rejected) ... ok
test_shared_junit_output_is_rejected (test_qualityctl.QualityControls.test_shared_junit_output_is_rejected) ... ok
test_skipped_test_fails (test_qualityctl.QualityControls.test_skipped_test_fails) ... ok
test_source_change_invalidates_receipt (test_qualityctl.QualityControls.test_source_change_invalidates_receipt) ... ok
test_source_fingerprint_order_is_portable_across_native_path_ordering (test_qualityctl.QualityControls.test_source_fingerprint_order_is_portable_across_native_path_ordering) ... ok
test_stale_navigation_blocks_handoff (test_qualityctl.QualityControls.test_stale_navigation_blocks_handoff) ... ok
test_successful_command_without_junit_fails (test_qualityctl.QualityControls.test_successful_command_without_junit_fails) ... ok
test_symlink_is_rejected (test_qualityctl.QualityControls.test_symlink_is_rejected) ... ok
test_tampered_log_blocks (test_qualityctl.QualityControls.test_tampered_log_blocks) ... ok
test_unknown_finding_type_cannot_hide_a_defect (test_qualityctl.QualityControls.test_unknown_finding_type_cannot_hide_a_defect) ... ok
test_zero_tests_fails (test_qualityctl.QualityControls.test_zero_tests_fails) ... ok
test_another_host_cannot_be_renamed_windows (test_target_checks.TargetEvidenceControls.test_another_host_cannot_be_renamed_windows) ... ok
test_complete_current_synthetic_graph_exercises_success_path (test_target_checks.TargetEvidenceControls.test_complete_current_synthetic_graph_exercises_success_path) ... ok
test_complete_persistence_fixture_exercises_both_hosts_without_claiming_execution (test_target_checks.TargetEvidenceControls.test_complete_persistence_fixture_exercises_both_hosts_without_claiming_execution) ... ok
test_duplicate_smoke_scenarios_are_not_complete_evidence (test_target_checks.TargetEvidenceControls.test_duplicate_smoke_scenarios_are_not_complete_evidence) ... ok
test_environment_pass_label_cannot_hide_a_wrong_locked_dependency (test_target_checks.TargetEvidenceControls.test_environment_pass_label_cannot_hide_a_wrong_locked_dependency) ... ok
test_false_subcheck_status_cannot_hide_recorded_failures (test_target_checks.TargetEvidenceControls.test_false_subcheck_status_cannot_hide_recorded_failures) ... ok
test_linux_success_does_not_count_as_windows (test_target_checks.TargetEvidenceControls.test_linux_success_does_not_count_as_windows) ... ok
test_missing_check_log_is_rejected (test_target_checks.TargetEvidenceControls.test_missing_check_log_is_rejected) ... ok
test_missing_native_runs_do_not_pass (test_target_checks.TargetEvidenceControls.test_missing_native_runs_do_not_pass) ... ok
test_native_report_test_counts_must_match_junit (test_target_checks.TargetEvidenceControls.test_native_report_test_counts_must_match_junit) ... ok
test_persistence_report_from_another_host_is_refused (test_target_checks.TargetEvidenceControls.test_persistence_report_from_another_host_is_refused) ... ok
test_persistence_source_requires_native_persistence_artifacts (test_target_checks.TargetEvidenceControls.test_persistence_source_requires_native_persistence_artifacts) ... ok
test_probe_report_cannot_claim_live_acceptance (test_target_checks.TargetEvidenceControls.test_probe_report_cannot_claim_live_acceptance) ... ok
test_probe_source_requires_current_native_probe_artifacts (test_target_checks.TargetEvidenceControls.test_probe_source_requires_current_native_probe_artifacts) ... ok
test_skipped_native_test_is_rejected (test_target_checks.TargetEvidenceControls.test_skipped_native_test_is_rejected) ... ok
test_smoke_label_cannot_hide_a_wrong_delivery_outcome (test_target_checks.TargetEvidenceControls.test_smoke_label_cannot_hide_a_wrong_delivery_outcome) ... ok
test_stale_source_is_rejected (test_target_checks.TargetEvidenceControls.test_stale_source_is_rejected) ... ok
test_status_only_smoke_rows_are_rejected (test_target_checks.TargetEvidenceControls.test_status_only_smoke_rows_are_rejected) ... ok
test_synthetic_probe_graph_exercises_validator_without_certifying_browser (test_target_checks.TargetEvidenceControls.test_synthetic_probe_graph_exercises_validator_without_certifying_browser) ... ok
test_tampered_target_bytes_are_rejected (test_target_checks.TargetEvidenceControls.test_tampered_target_bytes_are_rejected) ... ok
test_wrong_python_version_is_rejected_even_if_every_label_says_pass (test_target_checks.TargetEvidenceControls.test_wrong_python_version_is_rejected_even_if_every_label_says_pass) ... ok

----------------------------------------------------------------------
Ran 88 tests in 2.654s

OK
{"scope": "DEVELOPMENT_CONTROL_TOOLING_ONLY", "status": "PASS", "counts": {"tests": 88, "failures": 0, "errors": 0, "skipped": 0, "expected_failures": 0, "unexpected_successes": 0}}
AGENTS.md: LEXICAL_CHECK=PASS (rendering not certified)
CONSILIUM_DEEP_GL_CL_COMPARISON_FA.md: LEXICAL_CHECK=PASS (rendering not certified)
CONSILIUM_HANDOFF_AND_QUALITY_PROTOCOL_FA.md: LEXICAL_CHECK=PASS (rendering not certified)
CONSILIUM_MASTER_ROADMAP_FA.md: LEXICAL_CHECK=PASS (rendering not certified)
CONSILIUM_PROGRESS_P01_FA.md: LEXICAL_CHECK=PASS (rendering not certified)
CONSILIUM_PROGRESS_P02_FA.md: LEXICAL_CHECK=PASS (rendering not certified)
HANDOFF_TEMPLATE_FA.md: LEXICAL_CHECK=PASS (rendering not certified)
README_FA.md: LEXICAL_CHECK=PASS (rendering not certified)
START_HERE_FA.md: LEXICAL_CHECK=PASS (rendering not certified)
docs/AUTOMATED_WINDOWS_FA.md: LEXICAL_CHECK=PASS (rendering not certified)
docs/DATA_CONTRACTS_FA.md: LEXICAL_CHECK=PASS (rendering not certified)
docs/MODEL_EVALUATION_PLAN_FA.md: LEXICAL_CHECK=PASS (rendering not certified)
docs/P03_PROBE_RUNBOOK_FA.md: LEXICAL_CHECK=PASS (rendering not certified)
docs/P04_CONTEXT_EVIDENCE_FA.md: LEXICAL_CHECK=PASS (rendering not certified)
docs/P04_LOCAL_REVIEW_RUNBOOK_FA.md: LEXICAL_CHECK=PASS (rendering not certified)
docs/RUNBOOK_FA.md: LEXICAL_CHECK=PASS (rendering not certified)
docs/SCOPE_AND_INVENTORY_FA.md: LEXICAL_CHECK=PASS (rendering not certified)
docs/decisions/ADR-001-TRUTH_AND_HANDOFF_FA.md: LEXICAL_CHECK=PASS (rendering not certified)
docs/decisions/ADR-002-DEVELOPMENT_CHECK_AND_MODEL_SELECTION_FA.md: LEXICAL_CHECK=PASS (rendering not certified)
docs/decisions/ADR-003-P01_FOUNDATION_FA.md: LEXICAL_CHECK=PASS (rendering not certified)
docs/decisions/ADR-004-P01_REAUDIT_FA.md: LEXICAL_CHECK=PASS (rendering not certified)
docs/decisions/ADR-005-AUTONOMOUS_NATIVE_TESTS_FA.md: LEXICAL_CHECK=PASS (rendering not certified)
docs/decisions/ADR-006-P02_STORAGE_SLICE_FA.md: LEXICAL_CHECK=PASS (rendering not certified)
docs/decisions/ADR-007-P02_DURABLE_DISPATCH_FA.md: LEXICAL_CHECK=PASS (rendering not certified)
docs/decisions/ADR-008-P03_PROBE_RECORDER_FA.md: LEXICAL_CHECK=PASS (rendering not certified)
docs/decisions/ADR-009-P03_CURRENT_AUTH_PREFLIGHT_FA.md: LEXICAL_CHECK=PASS (rendering not certified)
docs/decisions/ADR-013-P04-INDEPENDENT-CONTEXT_FA.md: LEXICAL_CHECK=PASS (rendering not certified)
docs/decisions/ADR-014-P04-DURABLE-ADOPTION_FA.md: LEXICAL_CHECK=PASS (rendering not certified)
docs/decisions/ADR-015-P04-REVIEW-AND-DISPATCH-POLICY_FA.md: LEXICAL_CHECK=PASS (rendering not certified)
docs/decisions/ADR-016-P04-DURABLE-POLICY-AND-ROUND-VIEWS_FA.md: LEXICAL_CHECK=PASS (rendering not certified)
evidence/navigation/STATUS_FA.md: LEXICAL_CHECK=PASS (rendering not certified)
evidence/navigation/BACKLOG_FA.md: LEXICAL_CHECK=PASS (rendering not certified)
{"status": "PASS", "phase": "P01", "scope": "CURRENT_HOST_DEPENDENCY_LOCK_NOT_OTHER_OS_PROOF", "host": {"system": "Linux", "python": "3.12.14"}, "dependencies": [{"package": "setuptools", "required": "84.0.0", "installed": "84.0.0", "status": "PASS"}, {"package": "pydantic", "required": "2.13.5", "installed": "2.13.5", "status": "PASS"}, {"package": "pydantic-core", "required": "2.46.5", "installed": "2.46.5", "status": "PASS"}, {"package": "annotated-types", "required": "0.8.0", "installed": "0.8.0", "status": "PASS"}, {"package": "typing-extensions", "required": "4.16.0", "installed": "4.16.0", "status": "PASS"}, {"package": "typing-inspection", "required": "0.4.4", "installed": "0.4.4", "status": "PASS"}], "windows_execution": "NOT_RUN", "network_calls": 0}
test_all_scenarios_execute_without_network (test_foundation.AdapterTests.test_all_scenarios_execute_without_network) ... ok
test_api_success_binds_result_to_request (test_foundation.AdapterTests.test_api_success_binds_result_to_request) ... ok
test_browser_success_has_browser_capabilities (test_foundation.AdapterTests.test_browser_success_has_browser_capabilities) ... ok
test_delayed_response_past_deadline_is_pending (test_foundation.AdapterTests.test_delayed_response_past_deadline_is_pending) ... ok
test_delayed_response_uses_virtual_time (test_foundation.AdapterTests.test_delayed_response_uses_virtual_time) ... ok
test_expired_session_does_not_send (test_foundation.AdapterTests.test_expired_session_does_not_send) ... ok
test_invalid_json_is_a_received_but_invalid_response (test_foundation.AdapterTests.test_invalid_json_is_a_received_but_invalid_response) ... ok
test_mock_does_not_advertise_unimplemented_operations (test_foundation.AdapterTests.test_mock_does_not_advertise_unimplemented_operations) ... ok
test_mock_satisfies_the_adapter_protocol (test_foundation.AdapterTests.test_mock_satisfies_the_adapter_protocol) ... ok
test_partial_response_does_not_become_complete (test_foundation.AdapterTests.test_partial_response_does_not_become_complete) ... ok
test_probe_cannot_rebind_a_recorded_attempt_to_a_new_connection (test_foundation.AdapterTests.test_probe_cannot_rebind_a_recorded_attempt_to_a_new_connection) ... ok
test_probe_cannot_rebind_a_recorded_attempt_to_new_input (test_foundation.AdapterTests.test_probe_cannot_rebind_a_recorded_attempt_to_new_input) ... ok
test_probe_keeps_frozen_request_hash (test_foundation.AdapterTests.test_probe_keeps_frozen_request_hash) ... ok
test_quota_rejection_does_not_send (test_foundation.AdapterTests.test_quota_rejection_does_not_send) ... ok
test_same_attempt_cannot_be_sent_twice (test_foundation.AdapterTests.test_same_attempt_cannot_be_sent_twice) ... ok
test_timeout_after_delivery_preserves_confirmed_delivery (test_foundation.AdapterTests.test_timeout_after_delivery_preserves_confirmed_delivery) ... ok
test_timeout_after_send_stays_unknown (test_foundation.AdapterTests.test_timeout_after_send_stays_unknown) ... ok
test_timeout_before_send_is_provably_not_sent (test_foundation.AdapterTests.test_timeout_before_send_is_provably_not_sent) ... ok
test_unknown_observation_does_not_trigger_retry (test_foundation.AdapterTests.test_unknown_observation_does_not_trigger_retry) ... ok
test_unseen_attempt_cannot_be_proved_not_sent (test_foundation.AdapterTests.test_unseen_attempt_cannot_be_proved_not_sent) ... ok
test_wrong_transport_mode_is_rejected_before_recording_send (test_foundation.AdapterTests.test_wrong_transport_mode_is_rejected_before_recording_send) ... ok
test_blank_prompt_is_rejected_without_echoing_input (test_foundation.ContractTests.test_blank_prompt_is_rejected_without_echoing_input) ... ok
test_blind_review_is_default (test_foundation.ContractTests.test_blind_review_is_default) ... ok
test_capabilities_cannot_silently_claim_live_verification (test_foundation.ContractTests.test_capabilities_cannot_silently_claim_live_verification) ... ok
test_complete_result_cannot_claim_unknown_delivery (test_foundation.ContractTests.test_complete_result_cannot_claim_unknown_delivery) ... ok
test_critique_requires_reason_and_real_numeric_score (test_foundation.ContractTests.test_critique_requires_reason_and_real_numeric_score) ... ok
test_custom_decision_requires_instruction (test_foundation.ContractTests.test_custom_decision_requires_instruction) ... ok
test_duplicate_debate_participants_are_rejected (test_foundation.ContractTests.test_duplicate_debate_participants_are_rejected) ... ok
test_empty_complete_response_is_rejected (test_foundation.ContractTests.test_empty_complete_response_is_rejected) ... ok
test_empty_messages_are_rejected (test_foundation.ContractTests.test_empty_messages_are_rejected) ... ok
test_frozen_input_cannot_be_mutated (test_foundation.ContractTests.test_frozen_input_cannot_be_mutated) ... ok
test_generation_identity_is_independent (test_foundation.ContractTests.test_generation_identity_is_independent) ... ok
test_hash_changes_when_generation_parameters_change (test_foundation.ContractTests.test_hash_changes_when_generation_parameters_change) ... ok
test_hash_is_reproducible_after_json_round_trip (test_foundation.ContractTests.test_hash_is_reproducible_after_json_round_trip) ... ok
test_hash_preserves_exact_prompt_bytes (test_foundation.ContractTests.test_hash_preserves_exact_prompt_bytes) ... ok
test_invalid_response_failure_requires_an_invalid_received_response (test_foundation.ContractTests.test_invalid_response_failure_requires_an_invalid_received_response) ... ok
test_manual_answer_records_actual_prompt_and_round_visibility (test_foundation.ContractTests.test_manual_answer_records_actual_prompt_and_round_visibility) ... ok
test_mismatched_request_hash_is_rejected (test_foundation.ContractTests.test_mismatched_request_hash_is_rejected) ... ok
test_model_copy_does_not_bypass_validation (test_foundation.ContractTests.test_model_copy_does_not_bypass_validation) ... ok
test_nil_identity_is_rejected (test_foundation.ContractTests.test_nil_identity_is_rejected) ... ok
test_non_custom_decision_cannot_smuggle_instruction (test_foundation.ContractTests.test_non_custom_decision_cannot_smuggle_instruction) ... ok
test_non_finite_generation_parameter_is_rejected (test_foundation.ContractTests.test_non_finite_generation_parameter_is_rejected) ... ok
test_operation_identity_is_not_content_hash (test_foundation.ContractTests.test_operation_identity_is_not_content_hash) ... ok
test_retry_preserves_logical_identity_and_changes_attempt (test_foundation.ContractTests.test_retry_preserves_logical_identity_and_changes_attempt) ... ok
test_reused_identity_fields_are_rejected (test_foundation.ContractTests.test_reused_identity_fields_are_rejected) ... ok
test_schema_generation_for_all_contracts (test_foundation.ContractTests.test_schema_generation_for_all_contracts) ... ok
test_schema_version_cannot_be_boolean (test_foundation.ContractTests.test_schema_version_cannot_be_boolean) ... ok
test_strings_and_booleans_are_not_revision_numbers (test_foundation.ContractTests.test_strings_and_booleans_are_not_revision_numbers) ... ok
test_targeted_round_requires_target (test_foundation.ContractTests.test_targeted_round_requires_target) ... ok
test_unrelated_connection_cannot_receive_intent (test_foundation.ContractTests.test_unrelated_connection_cannot_receive_intent) ... ok
test_credentials_are_not_fields_in_public_connection (test_foundation.PrivateBoundaryTests.test_credentials_are_not_fields_in_public_connection) ... ok
test_environment_secret_is_not_in_repr_or_public_spec (test_foundation.PrivateBoundaryTests.test_environment_secret_is_not_in_repr_or_public_spec) ... ok
test_existing_profile_cannot_resolve_back_into_source (test_foundation.PrivateBoundaryTests.test_existing_profile_cannot_resolve_back_into_source) ... ok
test_private_field_aliases_cannot_escape_the_public_boundary (test_foundation.PrivateBoundaryTests.test_private_field_aliases_cannot_escape_the_public_boundary) ... ok
test_private_profile_must_be_outside_source (test_foundation.PrivateBoundaryTests.test_private_profile_must_be_outside_source) ... ok
test_public_boundary_accepts_nonsecret_report (test_foundation.PrivateBoundaryTests.test_public_boundary_accepts_nonsecret_report) ... ok
test_public_boundary_rejects_known_secret_without_echo (test_foundation.PrivateBoundaryTests.test_public_boundary_rejects_known_secret_without_echo) ... ok
test_public_boundary_rejects_multiline_known_secret (test_foundation.PrivateBoundaryTests.test_public_boundary_rejects_multiline_known_secret) ... ok
test_public_boundary_rejects_secret_field_even_with_short_value (test_foundation.PrivateBoundaryTests.test_public_boundary_rejects_secret_field_even_with_short_value) ... ok
test_pure_core_does_not_import_transport_or_storage (test_foundation.PrivateBoundaryTests.test_pure_core_does_not_import_transport_or_storage) ... ok

----------------------------------------------------------------------
Ran 60 tests in 0.050s

OK
{"phase": "P01", "scope": "APPLICATION_FOUNDATION_OFFLINE_NOT_FULL_V1_CONFORMANCE", "status": "PASS", "counts": {"tests": 60, "failures": 0, "errors": 0, "skipped": 0}}
test_browser_mock_ambiguous_resume_keeps_the_same_attempt_and_never_resends (test_durable_cli.DurableCliTests.test_browser_mock_ambiguous_resume_keeps_the_same_attempt_and_never_resends) ... ok
test_new_demo_cannot_overwrite_or_send_again_to_an_existing_database (test_durable_cli.DurableCliTests.test_new_demo_cannot_overwrite_or_send_again_to_an_existing_database) ... ok
test_persist_restart_and_resume_keep_original_question_and_one_canonical_result (test_durable_cli.DurableCliTests.test_persist_restart_and_resume_keep_original_question_and_one_canonical_result) ... ok
test_resume_missing_database_does_not_create_a_blank_one (test_durable_cli.DurableCliTests.test_resume_missing_database_does_not_create_a_blank_one) ... ok
test_a_conflicting_second_result_is_quarantined_without_replacing_canonical (test_ledger.LedgerTests.test_a_conflicting_second_result_is_quarantined_without_replacing_canonical) ... ok
test_a_second_dispatch_waits_for_the_first_operation_to_be_resolved (test_ledger.LedgerTests.test_a_second_dispatch_waits_for_the_first_operation_to_be_resolved) ... ok
test_ambiguous_retry_is_denied_even_if_somebody_supplies_an_unsent_claim (test_ledger.LedgerTests.test_ambiguous_retry_is_denied_even_if_somebody_supplies_an_unsent_claim) ... ok
test_complete_raw_result_is_not_canonical_until_validated_and_confirmed (test_ledger.LedgerTests.test_complete_raw_result_is_not_canonical_until_validated_and_confirmed) ... ok
test_confirmed_result_resume_uses_no_provider_calls (test_ledger.LedgerTests.test_confirmed_result_resume_uses_no_provider_calls) ... ok
test_connection_change_invalidates_an_unconsumed_continue_decision (test_ledger.LedgerTests.test_connection_change_invalidates_an_unconsumed_continue_decision) ... ok
test_current_revision_cannot_reopen_an_old_decision_after_next_round (test_ledger.LedgerTests.test_current_revision_cannot_reopen_an_old_decision_after_next_round) ... ok
test_decision_gate_cannot_open_for_an_unconfirmed_round (test_ledger.LedgerTests.test_decision_gate_cannot_open_for_an_unconfirmed_round) ... ok
test_dispatch_refuses_modified_frozen_input_or_connection (test_ledger.LedgerTests.test_dispatch_refuses_modified_frozen_input_or_connection) ... ok
test_duplicate_json_keys_and_wrong_response_shape_are_rejected (test_ledger.LedgerTests.test_duplicate_json_keys_and_wrong_response_shape_are_rejected) ... ok
test_exclusive_new_store_refuses_an_existing_database (test_ledger.LedgerTests.test_exclusive_new_store_refuses_an_existing_database) ... ok
test_finish_waits_for_explicit_judge_and_does_not_complete_debate (test_ledger.LedgerTests.test_finish_waits_for_explicit_judge_and_does_not_complete_debate) ... ok
test_invalid_json_marked_complete_by_transport_is_not_confirmed (test_ledger.LedgerTests.test_invalid_json_marked_complete_by_transport_is_not_confirmed) ... ok
test_invalid_state_transitions_are_rejected (test_ledger.LedgerTests.test_invalid_state_transitions_are_rejected) ... ok
test_late_result_after_connection_change_is_quarantined (test_ledger.LedgerTests.test_late_result_after_connection_change_is_quarantined) ... ok
test_new_current_revision_does_not_make_an_old_dispatch_result_current (test_ledger.LedgerTests.test_new_current_revision_does_not_make_an_old_dispatch_result_current) ... ok
test_no_next_round_without_a_current_continue_decision (test_ledger.LedgerTests.test_no_next_round_without_a_current_continue_decision) ... ok
test_partial_response_does_not_authorize_a_finish_decision (test_ledger.LedgerTests.test_partial_response_does_not_authorize_a_finish_decision) ... ok
test_prepare_and_resume_cannot_authorize_work_after_finish (test_ledger.LedgerTests.test_prepare_and_resume_cannot_authorize_work_after_finish) ... ok
test_provider_is_called_outside_transaction_and_can_open_a_second_connection (test_ledger.LedgerTests.test_provider_is_called_outside_transaction_and_can_open_a_second_connection) ... ok
test_recording_the_exact_same_result_again_is_a_noop (test_ledger.LedgerTests.test_recording_the_exact_same_result_again_is_a_noop) ... ok
test_response_pending_unknown_partial_invalid_and_login_are_distinct (test_ledger.LedgerTests.test_response_pending_unknown_partial_invalid_and_login_are_distinct) ... ok
test_result_with_foreign_identity_or_hash_is_refused (test_ledger.LedgerTests.test_result_with_foreign_identity_or_hash_is_refused) ... ok
test_result_with_known_secret_is_not_persisted (test_ledger.LedgerTests.test_result_with_known_secret_is_not_persisted) ... ok
test_resume_does_not_call_another_prepared_attempt_ready_while_send_is_unresolved (test_ledger.LedgerTests.test_resume_does_not_call_another_prepared_attempt_ready_while_send_is_unresolved) ... ok
test_retry_after_binding_change_is_denied (test_ledger.LedgerTests.test_retry_after_binding_change_is_denied) ... ok
test_retry_can_confirm_one_canonical_response_and_preserves_the_old_unsent_attempt (test_ledger.LedgerTests.test_retry_can_confirm_one_canonical_response_and_preserves_the_old_unsent_attempt) ... ok
test_retry_denies_missing_reason_unverified_capabilities_and_nonnegative_probe (test_ledger.LedgerTests.test_retry_denies_missing_reason_unverified_capabilities_and_nonnegative_probe) ... ok
test_runner_exception_preserves_ambiguity_and_never_automatically_retries (test_ledger.LedgerTests.test_runner_exception_preserves_ambiguity_and_never_automatically_retries) ... ok
test_send_cannot_start_without_a_prepared_intent (test_ledger.LedgerTests.test_send_cannot_start_without_a_prepared_intent) ... ok
test_send_start_is_durable_and_reopen_never_calls_provider (test_ledger.LedgerTests.test_send_start_is_durable_and_reopen_never_calls_provider) ... ok
test_stale_unconfirmed_validation_resume_requires_a_decision (test_ledger.LedgerTests.test_stale_unconfirmed_validation_resume_requires_a_decision) ... ok
test_stale_user_decision_cannot_override_a_new_binding_or_wait_state (test_ledger.LedgerTests.test_stale_user_decision_cannot_override_a_new_binding_or_wait_state) ... ok
test_tampered_result_hash_is_rejected_on_reopen (test_ledger.LedgerTests.test_tampered_result_hash_is_rejected_on_reopen) ... ok
test_two_workers_cannot_dispatch_the_same_attempt_twice (test_ledger.LedgerTests.test_two_workers_cannot_dispatch_the_same_attempt_twice) ... ok
test_verified_unsent_retry_has_a_new_attempt_but_preserves_logical_generation_and_input (test_ledger.LedgerTests.test_verified_unsent_retry_has_a_new_attempt_but_preserves_logical_generation_and_input) ... ok
test_failed_v2_upgrade_preserves_populated_v1_data_and_version (test_ledger.MigrationTests.test_failed_v2_upgrade_preserves_populated_v1_data_and_version) ... ok
test_v1_data_and_immutable_migration_hash_survive_upgrade (test_ledger.MigrationTests.test_v1_data_and_immutable_migration_hash_survive_upgrade) ... ok
test_process_exit_before_send (test_ledger.ProcessCrashTests.test_process_exit_before_send) ... ok
test_process_exit_after_send_start_before_transport (test_ledger.ProcessCrashTests.test_process_exit_after_send_start_before_transport) ... ok
test_process_exit_after_external_mock_send (test_ledger.ProcessCrashTests.test_process_exit_after_external_mock_send) ... ok
test_process_exit_before_result_persistence (test_ledger.ProcessCrashTests.test_process_exit_before_result_persistence) ... ok
test_process_exit_inside_result_transaction (test_ledger.ProcessCrashTests.test_process_exit_inside_result_transaction) ... ok
test_process_exit_after_result_persistence (test_ledger.ProcessCrashTests.test_process_exit_after_result_persistence) ... ok
test_process_exit_after_validation (test_ledger.ProcessCrashTests.test_process_exit_after_validation) ... ok
test_process_exit_inside_confirmation_transaction (test_ledger.ProcessCrashTests.test_process_exit_inside_confirmation_transaction) ... ok
test_process_exit_after_confirmation (test_ledger.ProcessCrashTests.test_process_exit_after_confirmation) ... ok
test_actual_process_exit_after_intent_preserves_frozen_input_and_checkpoint (test_storage.StorageTests.test_actual_process_exit_after_intent_preserves_frozen_input_and_checkpoint) ... ok
test_actual_process_exit_before_intent_keeps_previous_checkpoint (test_storage.StorageTests.test_actual_process_exit_before_intent_keeps_previous_checkpoint) ... ok
test_actual_process_exit_inside_intent_rolls_back_all_partial_writes (test_storage.StorageTests.test_actual_process_exit_inside_intent_rolls_back_all_partial_writes) ... ok
test_backup_contains_committed_intent_and_can_be_reopened (test_storage.StorageTests.test_backup_contains_committed_intent_and_can_be_reopened) ... ok
test_backup_does_not_overwrite_existing_file_or_database (test_storage.StorageTests.test_backup_does_not_overwrite_existing_file_or_database) ... ok
test_checkpoint_cannot_be_rewound_while_newer_events_exist (test_storage.StorageTests.test_checkpoint_cannot_be_rewound_while_newer_events_exist) ... ok
test_connection_cannot_be_bound_to_a_foreign_participant (test_storage.StorageTests.test_connection_cannot_be_bound_to_a_foreign_participant) ... ok
test_connection_revision_changes_and_stale_intent_is_refused (test_storage.StorageTests.test_connection_revision_changes_and_stale_intent_is_refused) ... ok
test_debate_cannot_be_created_with_an_imported_revision (test_storage.StorageTests.test_debate_cannot_be_created_with_an_imported_revision) ... ok
test_duplicate_debate_is_not_silently_replaced (test_storage.StorageTests.test_duplicate_debate_is_not_silently_replaced) ... ok
test_duplicate_logical_operation_does_not_create_another_attempt (test_storage.StorageTests.test_duplicate_logical_operation_does_not_create_another_attempt) ... ok
test_exception_late_in_intent_transaction_leaves_no_half_commit (test_storage.StorageTests.test_exception_late_in_intent_transaction_leaves_no_half_commit) ... ok
test_failed_backup_closes_destination_and_removes_partial_file (test_storage.StorageTests.test_failed_backup_closes_destination_and_removes_partial_file) ... ok
test_failed_migration_rolls_back_all_ddl (test_storage.StorageTests.test_failed_migration_rolls_back_all_ddl) ... ok
test_future_schema_is_refused_without_downgrading_it (test_storage.StorageTests.test_future_schema_is_refused_without_downgrading_it) ... ok
test_intent_for_an_older_registered_round_is_refused (test_storage.StorageTests.test_intent_for_an_older_registered_round_is_refused) ... ok
test_known_private_material_is_refused_before_persistence (test_storage.StorageTests.test_known_private_material_is_refused_before_persistence) ... ok
test_migration_is_idempotent_on_reopen (test_storage.StorageTests.test_migration_is_idempotent_on_reopen) ... ok
test_missing_schema_table_is_refused (test_storage.StorageTests.test_missing_schema_table_is_refused) ... ok
test_modified_migration_checksum_is_refused (test_storage.StorageTests.test_modified_migration_checksum_is_refused) ... ok
test_new_database_has_durable_settings_and_valid_schema (test_storage.StorageTests.test_new_database_has_durable_settings_and_valid_schema) ... ok
test_old_debate_revision_or_wrong_round_cannot_prepare_intent (test_storage.StorageTests.test_old_debate_revision_or_wrong_round_cannot_prepare_intent) ... ok
test_original_request_and_constraints_survive_reopen_exactly (test_storage.StorageTests.test_original_request_and_constraints_survive_reopen_exactly) ... ok
test_prepare_persists_exact_frozen_input_event_and_checkpoint_together (test_storage.StorageTests.test_prepare_persists_exact_frozen_input_event_and_checkpoint_together) ... ok
test_reused_attempt_id_rolls_back_new_operation_and_event (test_storage.StorageTests.test_reused_attempt_id_rolls_back_new_operation_and_event) ... ok
test_round_cannot_reference_another_debate_or_participant (test_storage.StorageTests.test_round_cannot_reference_another_debate_or_participant) ... ok
test_same_input_hash_allows_two_intentional_logical_operations (test_storage.StorageTests.test_same_input_hash_allows_two_intentional_logical_operations) ... ok
test_two_writers_cannot_both_apply_the_same_old_revision (test_storage.StorageTests.test_two_writers_cannot_both_apply_the_same_old_revision) ... ok
test_unowned_database_is_not_adopted (test_storage.StorageTests.test_unowned_database_is_not_adopted) ... ok

----------------------------------------------------------------------
Ran 80 tests in 5.756s

OK
{"phase": "P02", "scope": "P02_DURABILITY_OFFLINE_NOT_FULL_V1_ACCEPTANCE", "status": "PASS", "counts": {"tests": 80, "failures": 0, "errors": 0, "skipped": 0}}
test_ambiguous_result_cannot_be_replaced_by_later_claimed_success (test_probe.BrowserProbeTests.test_ambiguous_result_cannot_be_replaced_by_later_claimed_success) ... ok
test_an_assistant_message_cannot_be_the_user_message (test_probe.BrowserProbeTests.test_an_assistant_message_cannot_be_the_user_message) ... ok
test_another_operation_or_input_is_rejected_without_ledger_change (test_probe.BrowserProbeTests.test_another_operation_or_input_is_rejected_without_ledger_change) ... ok
test_authentication_needs_all_observed_identity_fields (test_probe.BrowserProbeTests.test_authentication_needs_all_observed_identity_fields) ... ok
test_budget_is_finite_and_never_above_sixty_seconds (test_probe.BrowserProbeTests.test_budget_is_finite_and_never_above_sixty_seconds) ... ok
test_cached_authenticated_ticket_cannot_start_after_logout_expiry_or_observer_loss (test_probe.BrowserProbeTests.test_cached_authenticated_ticket_cannot_start_after_logout_expiry_or_observer_loss) ... ok
test_changed_account_conversation_or_model_cannot_confirm (test_probe.BrowserProbeTests.test_changed_account_conversation_or_model_cannot_confirm) ... ok
test_cli_diagnostics_never_dump_private_invalid_input (test_probe.BrowserProbeTests.test_cli_diagnostics_never_dump_private_invalid_input) ... ok
test_cli_logout_context_blocks_without_ticket_or_ledger_mutation (test_probe.BrowserProbeTests.test_cli_logout_context_blocks_without_ticket_or_ledger_mutation) ... ok
test_cli_single_step_start_inspect_record_works_without_account_or_ui (test_probe.BrowserProbeTests.test_cli_single_step_start_inspect_record_works_without_account_or_ui) ... ok
test_cli_start_requires_current_context_but_read_only_inspection_does_not (test_probe.BrowserProbeTests.test_cli_start_requires_current_context_but_read_only_inspection_does_not) ... ok
test_click_success_without_correlated_prompt_remains_unknown (test_probe.BrowserProbeTests.test_click_success_without_correlated_prompt_remains_unknown) ... ok
test_complete_requires_positive_completion_evidence (test_probe.BrowserProbeTests.test_complete_requires_positive_completion_evidence) ... ok
test_complete_transport_output_does_not_bypass_product_validation (test_probe.BrowserProbeTests.test_complete_transport_output_does_not_bypass_product_validation) ... ok
test_current_context_cannot_be_omitted_or_replaced_with_ticket_default (test_probe.BrowserProbeTests.test_current_context_cannot_be_omitted_or_replaced_with_ticket_default) ... ok
test_dispatch_commits_before_external_ui_action (test_probe.BrowserProbeTests.test_dispatch_commits_before_external_ui_action) ... ok
test_expired_authenticated_session_remains_ambiguous_after_dispatch (test_probe.BrowserProbeTests.test_expired_authenticated_session_remains_ambiguous_after_dispatch) ... ok
test_failed_ledger_start_preserves_ticket_but_does_not_dispatch (test_probe.BrowserProbeTests.test_failed_ledger_start_preserves_ticket_but_does_not_dispatch) ... ok
test_fresh_context_must_keep_account_conversation_and_model_binding (test_probe.BrowserProbeTests.test_fresh_context_must_keep_account_conversation_and_model_binding) ... ok
test_identical_result_recording_is_idempotent (test_probe.BrowserProbeTests.test_identical_result_recording_is_idempotent) ... ok
test_known_secret_cannot_enter_ticket_or_result (test_probe.BrowserProbeTests.test_known_secret_cannot_enter_ticket_or_result) ... ok
test_matching_prompt_without_response_is_pending_not_complete (test_probe.BrowserProbeTests.test_matching_prompt_without_response_is_pending_not_complete) ... ok
test_missing_click_observation_never_proves_not_sent (test_probe.BrowserProbeTests.test_missing_click_observation_never_proves_not_sent) ... ok
test_new_observation_evidence_does_not_change_the_frozen_request (test_probe.BrowserProbeTests.test_new_observation_evidence_does_not_change_the_frozen_request) ... ok
test_no_response_cannot_contain_hidden_output (test_probe.BrowserProbeTests.test_no_response_cannot_contain_hidden_output) ... ok
test_observation_schema_rejects_credential_fields (test_probe.BrowserProbeTests.test_observation_schema_rejects_credential_fields) ... ok
test_old_matching_prompt_without_unique_attempt_marker_cannot_start (test_probe.BrowserProbeTests.test_old_matching_prompt_without_unique_attempt_marker_cannot_start) ... ok
test_partial_cannot_claim_completion_evidence (test_probe.BrowserProbeTests.test_partial_cannot_claim_completion_evidence) ... ok
test_partial_output_is_durable_and_never_confirmed (test_probe.BrowserProbeTests.test_partial_output_is_durable_and_never_confirmed) ... ok
test_partial_ticket_is_not_silently_repaired (test_probe.BrowserProbeTests.test_partial_ticket_is_not_silently_repaired) ... ok
test_probe_rejects_api_mode (test_probe.BrowserProbeTests.test_probe_rejects_api_mode) ... ok
test_probe_rejects_unfrozen_transport_binding (test_probe.BrowserProbeTests.test_probe_rejects_unfrozen_transport_binding) ... ok
test_probe_version_cannot_be_boolean (test_probe.BrowserProbeTests.test_probe_version_cannot_be_boolean) ... ok
test_process_exit_after_dispatch_never_reinvokes (test_probe.BrowserProbeTests.test_process_exit_after_dispatch_never_reinvokes) ... ok
test_process_exit_after_result_keeps_received_response (test_probe.BrowserProbeTests.test_process_exit_after_result_keeps_received_response) ... ok
test_process_exit_after_ticket_before_ledger_leaves_prepared (test_probe.BrowserProbeTests.test_process_exit_after_ticket_before_ledger_leaves_prepared) ... ok
test_recorder_never_certifies_adapter_capabilities (test_probe.BrowserProbeTests.test_recorder_never_certifies_adapter_capabilities) ... ok
test_response_must_reference_exact_observed_user_message (test_probe.BrowserProbeTests.test_response_must_reference_exact_observed_user_message) ... ok
test_rewritten_ticket_cannot_change_the_durable_conversation_binding (test_probe.BrowserProbeTests.test_rewritten_ticket_cannot_change_the_durable_conversation_binding) ... ok
test_sign_in_page_is_not_proof_of_expiration (test_probe.BrowserProbeTests.test_sign_in_page_is_not_proof_of_expiration) ... ok
test_signed_out_context_cannot_start_probe (test_probe.BrowserProbeTests.test_signed_out_context_cannot_start_probe) ... ok
test_stale_result_is_quarantined_without_confirming (test_probe.BrowserProbeTests.test_stale_result_is_quarantined_without_confirming) ... ok
test_started_attempt_cannot_be_started_twice (test_probe.BrowserProbeTests.test_started_attempt_cannot_be_started_twice) ... ok
test_wrong_prompt_hash_cannot_confirm_delivery (test_probe.BrowserProbeTests.test_wrong_prompt_hash_cannot_confirm_delivery) ... ok

----------------------------------------------------------------------
Ran 44 tests in 3.350s

OK
{"phase": "P03", "scope": "P03_PROBE_RECORDER_OFFLINE_NOT_LIVE_BROWSER_ACCEPTANCE", "status": "PASS", "counts": {"tests": 44, "failures": 0, "errors": 0, "skipped": 0}}
test_failed_v4_upgrade_leaves_v3_unchanged (test_admission_storage.AdmissionMigrationTests.test_failed_v4_upgrade_leaves_v3_unchanged) ... ok
test_v3_upgrade_preserves_all_published_migration_checksums (test_admission_storage.AdmissionMigrationTests.test_v3_upgrade_preserves_all_published_migration_checksums) ... ok
test_bundle_event_hash_mismatch_is_rejected (test_admission_storage.AdmissionStorageTests.test_bundle_event_hash_mismatch_is_rejected) ... ok
test_deleted_evidence_is_detected_from_preparation_event (test_admission_storage.AdmissionStorageTests.test_deleted_evidence_is_detected_from_preparation_event) ... ok
test_final_evidence_insert_failure_rolls_back_intent_event_and_revision (test_admission_storage.AdmissionStorageTests.test_final_evidence_insert_failure_rolls_back_intent_event_and_revision) ... ok
test_forged_input_with_consistent_hashes_cannot_replace_authorized_reconstruction (test_admission_storage.AdmissionStorageTests.test_forged_input_with_consistent_hashes_cannot_replace_authorized_reconstruction) ... ok
test_full_policy_facts_survive_reopen_and_export (test_admission_storage.AdmissionStorageTests.test_full_policy_facts_survive_reopen_and_export) ... ok
test_historical_facts_remain_readable_after_binding_change_but_cannot_continue (test_admission_storage.AdmissionStorageTests.test_historical_facts_remain_readable_after_binding_change_but_cannot_continue) ... ok
test_missing_evidence_cannot_use_old_prepare_path_for_adopted_question (test_admission_storage.AdmissionStorageTests.test_missing_evidence_cannot_use_old_prepare_path_for_adopted_question) ... ok
test_modified_policy_fact_is_rejected_on_reopen (test_admission_storage.AdmissionStorageTests.test_modified_policy_fact_is_rejected_on_reopen) ... ok
test_process_exit_after_commit_preserves_intent_and_all_evidence (test_admission_storage.AdmissionStorageTests.test_process_exit_after_commit_preserves_intent_and_all_evidence) ... ok
test_process_exit_after_event_before_evidence_rolls_back_all (test_admission_storage.AdmissionStorageTests.test_process_exit_after_event_before_evidence_rolls_back_all) ... ok
test_stale_revision_rejected_without_mutation (test_admission_storage.AdmissionStorageTests.test_stale_revision_rejected_without_mutation) ... ok
test_synthetic_attestations_never_enable_live_transport (test_admission_storage.AdmissionStorageTests.test_synthetic_attestations_never_enable_live_transport) ... ok
test_cli_eof_leaves_state_unchanged (test_architect_review.ArchitectReviewTests.test_cli_eof_leaves_state_unchanged) ... ok
test_cli_invalid_identity_does_not_echo_private_input (test_architect_review.ArchitectReviewTests.test_cli_invalid_identity_does_not_echo_private_input) ... ok
test_cli_missing_database_is_not_created (test_architect_review.ArchitectReviewTests.test_cli_missing_database_is_not_created) ... ok
test_cli_uses_real_sqlite_and_user_input_after_display (test_architect_review.ArchitectReviewTests.test_cli_uses_real_sqlite_and_user_input_after_display) ... ok
test_decline_eof_ambiguous_or_wrong_revision_never_approves (test_architect_review.ArchitectReviewTests.test_decline_eof_ambiguous_or_wrong_revision_never_approves) ... ok
test_exact_confirmation_persists_and_displays_full_comparison (test_architect_review.ArchitectReviewTests.test_exact_confirmation_persists_and_displays_full_comparison) ... ok
test_revision_change_during_review_is_rejected (test_architect_review.ArchitectReviewTests.test_revision_change_during_review_is_rejected) ... ok
test_terminal_and_bidi_control_characters_are_visible_not_executed (test_architect_review.ArchitectReviewTests.test_terminal_and_bidi_control_characters_are_visible_not_executed) ... ok
test_visible_control_escaping_roundtrips_non_bmp_unicode_exactly (test_architect_review.ArchitectReviewTests.test_visible_control_escaping_roundtrips_non_bmp_unicode_exactly) ... ok
test_distinct_adoption_and_ledger_revisions_prepare_exact_input_without_send (test_context_preparation.ContextPreparationTests.test_distinct_adoption_and_ledger_revisions_prepare_exact_input_without_send) ... ok
test_duplicate_logical_operation_never_rewrites_frozen_input (test_context_preparation.ContextPreparationTests.test_duplicate_logical_operation_never_rewrites_frozen_input) ... ok
test_forged_or_unrelated_context_never_creates_operation (test_context_preparation.ContextPreparationTests.test_forged_or_unrelated_context_never_creates_operation) ... ok
test_known_private_material_blocks_even_with_allow_attestation (test_context_preparation.ContextPreparationTests.test_known_private_material_blocks_even_with_allow_attestation) ... ok
test_multiline_quoted_secret_is_checked_before_json_escaping (test_context_preparation.ContextPreparationTests.test_multiline_quoted_secret_is_checked_before_json_escaping) ... ok
test_privacy_unknown_or_budget_overflow_blocks_before_intent (test_context_preparation.ContextPreparationTests.test_privacy_unknown_or_budget_overflow_blocks_before_intent) ... ok
test_stale_state_or_connection_never_creates_operation (test_context_preparation.ContextPreparationTests.test_stale_state_or_connection_never_creates_operation) ... ok
test_state_change_between_policy_read_and_intent_write_is_rejected (test_context_preparation.ContextPreparationTests.test_state_change_between_policy_read_and_intent_write_is_rejected) ... ok
test_account_switch_cannot_reuse_prior_privacy_grant (test_dispatch_policy.DispatchPolicyTests.test_account_switch_cannot_reuse_prior_privacy_grant) ... ok
test_bool_counts_and_extra_self_approval_fields_rejected (test_dispatch_policy.DispatchPolicyTests.test_bool_counts_and_extra_self_approval_fields_rejected) ... ok
test_browser_requires_conversation_identity_and_matching_debate (test_dispatch_policy.DispatchPolicyTests.test_browser_requires_conversation_identity_and_matching_debate) ... ok
test_browser_without_account_identity_blocks_even_rebound_attestations (test_dispatch_policy.DispatchPolicyTests.test_browser_without_account_identity_blocks_even_rebound_attestations) ... ok
test_budget_overflow_does_not_mutate_or_drop_constraints (test_dispatch_policy.DispatchPolicyTests.test_budget_overflow_does_not_mutate_or_drop_constraints) ... ok
test_estimated_unknown_and_incomplete_measurements_block (test_dispatch_policy.DispatchPolicyTests.test_estimated_unknown_and_incomplete_measurements_block) ... ok
test_explicit_generation_parameters_reconstruct_and_tampering_fails (test_dispatch_policy.DispatchPolicyTests.test_explicit_generation_parameters_reconstruct_and_tampering_fails) ... ok
test_frozen_output_reserve_must_match_budget (test_dispatch_policy.DispatchPolicyTests.test_frozen_output_reserve_must_match_budget) ... ok
test_known_permissions_measured_budget_and_fresh_history_pass_local_policy (test_dispatch_policy.DispatchPolicyTests.test_known_permissions_measured_budget_and_fresh_history_pass_local_policy) ... ok
test_new_topic_cannot_reuse_nonempty_history (test_dispatch_policy.DispatchPolicyTests.test_new_topic_cannot_reuse_nonempty_history) ... ok
test_stale_or_mismatched_evidence_is_rejected (test_dispatch_policy.DispatchPolicyTests.test_stale_or_mismatched_evidence_is_rejected) ... ok
test_unknown_or_denied_privacy_and_any_marked_secret_block (test_dispatch_policy.DispatchPolicyTests.test_unknown_or_denied_privacy_and_any_marked_secret_block) ... ok
test_unknown_or_peer_contaminated_remote_history_blocks (test_dispatch_policy.DispatchPolicyTests.test_unknown_or_peer_contaminated_remote_history_blocks) ... ok
test_extra_context_fields_rejected (test_independent_context.IndependentContextTests.test_extra_context_fields_rejected) ... ok
test_modified_payload_rejected_even_when_well_formed (test_independent_context.IndependentContextTests.test_modified_payload_rejected_even_when_well_formed) ... ok
test_original_constraints_and_assumptions_remain_visible (test_independent_context.IndependentContextTests.test_original_constraints_and_assumptions_remain_visible) ... ok
test_other_debate_round_or_participant_rejected (test_independent_context.IndependentContextTests.test_other_debate_round_or_participant_rejected) ... ok
test_peer_content_cannot_be_supplied (test_independent_context.IndependentContextTests.test_peer_content_cannot_be_supplied) ... ok
test_provider_text_is_data_not_a_role (test_independent_context.IndependentContextTests.test_provider_text_is_data_not_a_role) ... ok
test_recovery_reconstructs_exact_bytes (test_independent_context.IndependentContextTests.test_recovery_reconstructs_exact_bytes) ... ok
test_stale_recovery_and_wrong_participant_rejected (test_independent_context.IndependentContextTests.test_stale_recovery_and_wrong_participant_rejected) ... ok
test_changed_constraints_and_wrong_snapshot_rejected (test_question_contracts.QuestionContractsTests.test_changed_constraints_and_wrong_snapshot_rejected) ... ok
test_exact_original_and_constraints_survive_json (test_question_contracts.QuestionContractsTests.test_exact_original_and_constraints_survive_json) ... ok
test_explicit_adoption_preserves_original (test_question_contracts.QuestionContractsTests.test_explicit_adoption_preserves_original) ... ok
test_extra_fields_and_bool_version_rejected (test_question_contracts.QuestionContractsTests.test_extra_fields_and_bool_version_rejected) ... ok
test_hash_binds_identity_revision_and_exact_whitespace (test_question_contracts.QuestionContractsTests.test_hash_binds_identity_revision_and_exact_whitespace) ... ok
test_missing_duplicate_and_out_of_range_coverage_rejected (test_question_contracts.QuestionContractsTests.test_missing_duplicate_and_out_of_range_coverage_rejected) ... ok
test_no_implicit_adoption (test_question_contracts.QuestionContractsTests.test_no_implicit_adoption) ... ok
test_revision_must_advance_exactly_once (test_question_contracts.QuestionContractsTests.test_revision_must_advance_exactly_once) ... ok
test_snapshot_is_immutable (test_question_contracts.QuestionContractsTests.test_snapshot_is_immutable) ... ok
test_stale_revision_and_wrong_proposal_hash_rejected (test_question_contracts.QuestionContractsTests.test_stale_revision_and_wrong_proposal_hash_rejected) ... ok
test_adoption_after_round_registration_rejected (test_question_storage.QuestionStorageTests.test_adoption_after_round_registration_rejected) ... ok
test_approval_survives_reopen_and_advances_checkpoint (test_question_storage.QuestionStorageTests.test_approval_survives_reopen_and_advances_checkpoint) ... ok
test_candidate_does_not_approve_itself_or_change_original (test_question_storage.QuestionStorageTests.test_candidate_does_not_approve_itself_or_change_original) ... ok
test_duplicate_version_cannot_replace_candidate (test_question_storage.QuestionStorageTests.test_duplicate_version_cannot_replace_candidate) ... ok
test_event_failure_rolls_back_adoption_and_revision (test_question_storage.QuestionStorageTests.test_event_failure_rolls_back_adoption_and_revision) ... ok
test_export_keeps_candidate_and_exact_original_after_adoption (test_question_storage.QuestionStorageTests.test_export_keeps_candidate_and_exact_original_after_adoption) ... ok
test_failed_v3_upgrade_preserves_v2 (test_question_storage.QuestionStorageTests.test_failed_v3_upgrade_preserves_v2) ... ok
test_false_confirmation_and_stale_revision_do_not_write (test_question_storage.QuestionStorageTests.test_false_confirmation_and_stale_revision_do_not_write) ... ok
test_missing_candidate_and_second_adoption_rejected (test_question_storage.QuestionStorageTests.test_missing_candidate_and_second_adoption_rejected) ... ok
test_orphan_adoption_event_prevents_reopen (test_question_storage.QuestionStorageTests.test_orphan_adoption_event_prevents_reopen) ... ok
test_process_exit_after_commit_preserves_adoption (test_question_storage.QuestionStorageTests.test_process_exit_after_commit_preserves_adoption) ... ok
test_process_exit_before_commit_rolls_back_event_and_adoption (test_question_storage.QuestionStorageTests.test_process_exit_before_commit_rolls_back_event_and_adoption) ... ok
test_tampered_candidate_prevents_reopen (test_question_storage.QuestionStorageTests.test_tampered_candidate_prevents_reopen) ... ok
test_v2_upgrade_preserves_original_and_history (test_question_storage.QuestionStorageTests.test_v2_upgrade_preserves_original_and_history) ... ok
test_wrong_snapshot_and_changed_constraint_not_recorded (test_question_storage.QuestionStorageTests.test_wrong_snapshot_and_changed_constraint_not_recorded) ... ok
test_blind_allowlist_omits_identity_prompt_and_control_metadata (test_round_context.RoundContextTests.test_blind_allowlist_omits_identity_prompt_and_control_metadata) ... ok
test_critique_cannot_reference_an_answer_from_its_future (test_round_context.RoundContextTests.test_critique_cannot_reference_an_answer_from_its_future) ... ok
test_critique_without_required_target_is_rejected (test_round_context.RoundContextTests.test_critique_without_required_target_is_rejected) ... ok
test_duplicate_sources_or_grants_are_rejected (test_round_context.RoundContextTests.test_duplicate_sources_or_grants_are_rejected) ... ok
test_exact_recovery_rejects_tampered_message_and_parameter (test_round_context.RoundContextTests.test_exact_recovery_rejects_tampered_message_and_parameter) ... ok
test_future_round_or_other_debate_is_not_allowed (test_round_context.RoundContextTests.test_future_round_or_other_debate_is_not_allowed) ... ok
test_grant_does_not_transfer_to_another_account_model_or_revision (test_round_context.RoundContextTests.test_grant_does_not_transfer_to_another_account_model_or_revision) ... ok
test_missing_required_source_never_silently_drops_minority (test_round_context.RoundContextTests.test_missing_required_source_never_silently_drops_minority) ... ok
test_named_mode_needs_explicit_exact_identity_authorization (test_round_context.RoundContextTests.test_named_mode_needs_explicit_exact_identity_authorization) ... ok
test_provider_injection_stays_in_data_and_cannot_choose_judge (test_round_context.RoundContextTests.test_provider_injection_stays_in_data_and_cannot_choose_judge) ... ok
test_secret_tag_blocks_even_with_matching_allow_grant (test_round_context.RoundContextTests.test_secret_tag_blocks_even_with_matching_allow_grant) ... ok
test_source_change_requires_new_exact_grant (test_round_context.RoundContextTests.test_source_change_requires_new_exact_grant) ... ok
test_source_from_before_question_adoption_is_rejected (test_round_context.RoundContextTests.test_source_from_before_question_adoption_is_rejected) ... ok
test_source_order_does_not_change_frozen_context (test_round_context.RoundContextTests.test_source_order_does_not_change_frozen_context) ... ok
test_source_provenance_cannot_be_silently_relabeled (test_round_context.RoundContextTests.test_source_provenance_cannot_be_silently_relabeled) ... ok
test_synthesis_requires_matching_trusted_judge_selection (test_round_context.RoundContextTests.test_synthesis_requires_matching_trusted_judge_selection) ... ok
test_targeted_scope_preserves_all_required_dissent_and_provenance (test_round_context.RoundContextTests.test_targeted_scope_preserves_all_required_dissent_and_provenance) ... ok
test_unknown_or_blocked_transfer_prevents_entire_context (test_round_context.RoundContextTests.test_unknown_or_blocked_transfer_prevents_entire_context) ... ok

----------------------------------------------------------------------
Ran 95 tests in 2.263s

OK
{"phase": "P04", "scope": "P04_QUESTION_CONTEXT_AND_POLICY_OFFLINE_NOT_FULL_PHASE_ACCEPTANCE", "status": "PASS", "counts": {"tests": 95, "failures": 0, "errors": 0, "skipped": 0}}
{
  "schema_version": 1,
  "scope": "DEVELOPMENT_CHECK_WITH_SEPARATE_FOUNDATION_TESTS",
  "status": "PASS",
  "checks": [
    {
      "id": "state_navigation_python_syntax",
      "status": "PASS"
    },
    {
      "id": "control_tests",
      "status": "PASS",
      "returncode": 0
    },
    {
      "id": "markdown_lexical",
      "status": "PASS",
      "returncode": 0
    },
    {
      "id": "environment_lock",
      "status": "PASS",
      "returncode": 0
    },
    {
      "id": "foundation_tests",
      "status": "PASS",
      "returncode": 0
    },
    {
      "id": "persistence_tests",
      "status": "PASS",
      "returncode": 0
    },
    {
      "id": "browser_probe_preparation_tests",
      "status": "PASS",
      "returncode": 0
    },
    {
      "id": "architect_contract_tests",
      "status": "PASS",
      "returncode": 0
    }
  ],
  "source_digest_before": "2c15761cd9725cc9ac249544a0e508e5df982fb22ea34d51ef74f9a58685111a",
  "source_digest_after": "2c15761cd9725cc9ac249544a0e508e5df982fb22ea34d51ef74f9a58685111a",
  "application_runtime_tests": "FOUNDATION_P02_KERNEL_P03_OFFLINE_PROBE_AND_P04_OFFLINE_SLICES",
  "application_phase_accepted": false,
  "static_type_check": "NOT_RUN",
  "visual_rendering": "NOT_RUN"
}

