test_failed_v4_upgrade_leaves_v3_unchanged (test_admission_storage.AdmissionMigrationTests.test_failed_v4_upgrade_leaves_v3_unchanged) ... ok
test_v3_upgrade_preserves_all_published_migration_checksums (test_admission_storage.AdmissionMigrationTests.test_v3_upgrade_preserves_all_published_migration_checksums) ... ok
test_bundle_event_hash_mismatch_is_rejected (test_admission_storage.AdmissionStorageTests.test_bundle_event_hash_mismatch_is_rejected) ... ok
test_deleted_evidence_is_detected_from_preparation_event (test_admission_storage.AdmissionStorageTests.test_deleted_evidence_is_detected_from_preparation_event) ... ok
test_final_evidence_insert_failure_rolls_back_intent_event_and_revision (test_admission_storage.AdmissionStorageTests.test_final_evidence_insert_failure_rolls_back_intent_event_and_revision) ... ok
test_forged_input_with_consistent_hashes_cannot_replace_authorized_reconstruction (test_admission_storage.AdmissionStorageTests.test_forged_input_with_consistent_hashes_cannot_replace_authorized_reconstruction) ... ok
test_full_policy_facts_survive_reopen_and_export (test_admission_storage.AdmissionStorageTests.test_full_policy_facts_survive_reopen_and_export) ... ok
test_historical_facts_remain_readable_after_binding_change_but_cannot_continue (test_admission_storage.AdmissionStorageTests.test_historical_facts_remain_readable_after_binding_change_but_cannot_continue) ... ok
test_missing_evidence_cannot_use_old_prepare_path_for_adopted_question (test_admission_storage.AdmissionStorageTests.test_missing_evidence_cannot_use_old_prepare_path_for_adopted_question) ... ok
test_modified_policy_fact_is_rejected_on_reopen (test_admission_storage.AdmissionStorageTests.test_modified_policy_fact_is_rejected_on_reopen) ... ok
test_process_exit_after_commit_preserves_intent_and_all_evidence (test_admission_storage.AdmissionStorageTests.test_process_exit_after_commit_preserves_intent_and_all_evidence) ... ok
test_process_exit_after_event_before_evidence_rolls_back_all (test_admission_storage.AdmissionStorageTests.test_process_exit_after_event_before_evidence_rolls_back_all) ... ok
test_stale_revision_rejected_without_mutation (test_admission_storage.AdmissionStorageTests.test_stale_revision_rejected_without_mutation) ... ok
test_synthetic_attestations_never_enable_live_transport (test_admission_storage.AdmissionStorageTests.test_synthetic_attestations_never_enable_live_transport) ... ok
test_cli_eof_leaves_state_unchanged (test_architect_review.ArchitectReviewTests.test_cli_eof_leaves_state_unchanged) ... ok
test_cli_invalid_identity_does_not_echo_private_input (test_architect_review.ArchitectReviewTests.test_cli_invalid_identity_does_not_echo_private_input) ... ok
test_cli_missing_database_is_not_created (test_architect_review.ArchitectReviewTests.test_cli_missing_database_is_not_created) ... ok
test_cli_uses_real_sqlite_and_user_input_after_display (test_architect_review.ArchitectReviewTests.test_cli_uses_real_sqlite_and_user_input_after_display) ... ok
test_decline_eof_ambiguous_or_wrong_revision_never_approves (test_architect_review.ArchitectReviewTests.test_decline_eof_ambiguous_or_wrong_revision_never_approves) ... ok
test_exact_confirmation_persists_and_displays_full_comparison (test_architect_review.ArchitectReviewTests.test_exact_confirmation_persists_and_displays_full_comparison) ... ok
test_revision_change_during_review_is_rejected (test_architect_review.ArchitectReviewTests.test_revision_change_during_review_is_rejected) ... ok
test_terminal_and_bidi_control_characters_are_visible_not_executed (test_architect_review.ArchitectReviewTests.test_terminal_and_bidi_control_characters_are_visible_not_executed) ... ok
test_visible_control_escaping_roundtrips_non_bmp_unicode_exactly (test_architect_review.ArchitectReviewTests.test_visible_control_escaping_roundtrips_non_bmp_unicode_exactly) ... ok
test_failed_v6_upgrade_rolls_back_to_v5 (test_artifact_storage.ArtifactMigrationTests.test_failed_v6_upgrade_rolls_back_to_v5) ... ok
test_v5_upgrade_preserves_all_published_checksums (test_artifact_storage.ArtifactMigrationTests.test_v5_upgrade_preserves_all_published_checksums) ... ok
test_batch_insert_failure_rolls_back_all_sources_event_and_checkpoint (test_artifact_storage.ArtifactStorageTests.test_batch_insert_failure_rolls_back_all_sources_event_and_checkpoint) ... ok
test_complete_but_unconfirmed_output_is_not_a_source (test_artifact_storage.ArtifactStorageTests.test_complete_but_unconfirmed_output_is_not_a_source) ... ok
test_contract_cannot_replace_registered_round (test_artifact_storage.ArtifactStorageTests.test_contract_cannot_replace_registered_round) ... ok
test_contract_insert_failure_rolls_back_intent_and_checkpoint (test_artifact_storage.ArtifactStorageTests.test_contract_insert_failure_rolls_back_intent_and_checkpoint) ... ok
test_deleted_batch_cannot_be_silently_omitted (test_artifact_storage.ArtifactStorageTests.test_deleted_batch_cannot_be_silently_omitted) ... ok
test_duplicate_json_keys_non_finite_and_oversized_outputs_are_rejected (test_artifact_storage.ArtifactStorageTests.test_duplicate_json_keys_non_finite_and_oversized_outputs_are_rejected) ... ok
test_invalid_json_scalar_types_scores_versions_and_extra_authority_are_rejected (test_artifact_storage.ArtifactStorageTests.test_invalid_json_scalar_types_scores_versions_and_extra_authority_are_rejected) ... ok
test_invalid_stored_output_cannot_be_confirmed_or_published (test_artifact_storage.ArtifactStorageTests.test_invalid_stored_output_cannot_be_confirmed_or_published) ... ok
test_legacy_answer_schema_cannot_silently_publish_critiques (test_artifact_storage.ArtifactStorageTests.test_legacy_answer_schema_cannot_silently_publish_critiques) ... ok
test_missing_repeated_extra_or_wrong_targets_are_rejected (test_artifact_storage.ArtifactStorageTests.test_missing_repeated_extra_or_wrong_targets_are_rejected) ... ok
test_modified_or_deleted_contract_is_detected (test_artifact_storage.ArtifactStorageTests.test_modified_or_deleted_contract_is_detected) ... ok
test_multitarget_publication_reconstructs_identities_rubric_and_dissent (test_artifact_storage.ArtifactStorageTests.test_multitarget_publication_reconstructs_identities_rubric_and_dissent) ... ok
test_non_mock_adapter_is_rejected_before_any_call (test_artifact_storage.ArtifactStorageTests.test_non_mock_adapter_is_rejected_before_any_call) ... ok
test_output_contract_is_durable_before_send (test_artifact_storage.ArtifactStorageTests.test_output_contract_is_durable_before_send) ... ok
test_process_exit_after_batch_commit_preserves_every_source (test_artifact_storage.ArtifactStorageTests.test_process_exit_after_batch_commit_preserves_every_source) ... ok
test_process_exit_before_batch_commit_rolls_back_every_source (test_artifact_storage.ArtifactStorageTests.test_process_exit_before_batch_commit_rolls_back_every_source) ... ok
test_provider_text_cannot_select_a_judge_or_relabel_provenance (test_artifact_storage.ArtifactStorageTests.test_provider_text_cannot_select_a_judge_or_relabel_provenance) ... ok
test_publication_event_must_match_exact_source_set (test_artifact_storage.ArtifactStorageTests.test_publication_event_must_match_exact_source_set) ... ok
test_real_or_manual_binding_cannot_use_mock_source_contract (test_artifact_storage.ArtifactStorageTests.test_real_or_manual_binding_cannot_use_mock_source_contract) ... ok
test_rehashed_batch_cannot_replace_the_confirmed_response (test_artifact_storage.ArtifactStorageTests.test_rehashed_batch_cannot_replace_the_confirmed_response) ... ok
test_repeat_is_noop_and_reclassification_is_rejected (test_artifact_storage.ArtifactStorageTests.test_repeat_is_noop_and_reclassification_is_rejected) ... ok
test_self_reference_is_rejected_before_recursive_source_read (test_artifact_storage.ArtifactStorageTests.test_self_reference_is_rejected_before_recursive_source_read) ... ok
test_stale_publication_preserves_database (test_artifact_storage.ArtifactStorageTests.test_stale_publication_preserves_database) ... ok
test_target_hash_or_answer_identity_must_match_canonical_source (test_artifact_storage.ArtifactStorageTests.test_target_hash_or_answer_identity_must_match_canonical_source) ... ok
test_targets_aliases_and_output_role_are_unambiguous (test_artifact_storage.ArtifactStorageTests.test_targets_aliases_and_output_role_are_unambiguous) ... ok
test_unknown_delivery_is_not_a_source (test_artifact_storage.ArtifactStorageTests.test_unknown_delivery_is_not_a_source) ... ok
test_wrong_operation_or_frozen_input_is_rejected_atomically (test_artifact_storage.ArtifactStorageTests.test_wrong_operation_or_frozen_input_is_rejected_atomically) ... ok
test_answer_response_cannot_claim_an_identity_provenance_or_legacy_schema (test_artifact_storage.TypedAnswerTests.test_answer_response_cannot_claim_an_identity_provenance_or_legacy_schema) ... ok
test_typed_answer_binds_exact_frozen_prompt_and_new_target_contract (test_artifact_storage.TypedAnswerTests.test_typed_answer_binds_exact_frozen_prompt_and_new_target_contract) ... ok
test_distinct_adoption_and_ledger_revisions_prepare_exact_input_without_send (test_context_preparation.ContextPreparationTests.test_distinct_adoption_and_ledger_revisions_prepare_exact_input_without_send) ... ok
test_duplicate_logical_operation_never_rewrites_frozen_input (test_context_preparation.ContextPreparationTests.test_duplicate_logical_operation_never_rewrites_frozen_input) ... ok
test_forged_or_unrelated_context_never_creates_operation (test_context_preparation.ContextPreparationTests.test_forged_or_unrelated_context_never_creates_operation) ... ok
test_known_private_material_blocks_even_with_allow_attestation (test_context_preparation.ContextPreparationTests.test_known_private_material_blocks_even_with_allow_attestation) ... ok
test_multiline_quoted_secret_is_checked_before_json_escaping (test_context_preparation.ContextPreparationTests.test_multiline_quoted_secret_is_checked_before_json_escaping) ... ok
test_privacy_unknown_or_budget_overflow_blocks_before_intent (test_context_preparation.ContextPreparationTests.test_privacy_unknown_or_budget_overflow_blocks_before_intent) ... ok
test_stale_state_or_connection_never_creates_operation (test_context_preparation.ContextPreparationTests.test_stale_state_or_connection_never_creates_operation) ... ok
test_state_change_between_policy_read_and_intent_write_is_rejected (test_context_preparation.ContextPreparationTests.test_state_change_between_policy_read_and_intent_write_is_rejected) ... ok
test_account_switch_cannot_reuse_prior_privacy_grant (test_dispatch_policy.DispatchPolicyTests.test_account_switch_cannot_reuse_prior_privacy_grant) ... ok
test_bool_counts_and_extra_self_approval_fields_rejected (test_dispatch_policy.DispatchPolicyTests.test_bool_counts_and_extra_self_approval_fields_rejected) ... ok
test_browser_requires_conversation_identity_and_matching_debate (test_dispatch_policy.DispatchPolicyTests.test_browser_requires_conversation_identity_and_matching_debate) ... ok
test_browser_without_account_identity_blocks_even_rebound_attestations (test_dispatch_policy.DispatchPolicyTests.test_browser_without_account_identity_blocks_even_rebound_attestations) ... ok
test_budget_overflow_does_not_mutate_or_drop_constraints (test_dispatch_policy.DispatchPolicyTests.test_budget_overflow_does_not_mutate_or_drop_constraints) ... ok
test_estimated_unknown_and_incomplete_measurements_block (test_dispatch_policy.DispatchPolicyTests.test_estimated_unknown_and_incomplete_measurements_block) ... ok
test_explicit_generation_parameters_reconstruct_and_tampering_fails (test_dispatch_policy.DispatchPolicyTests.test_explicit_generation_parameters_reconstruct_and_tampering_fails) ... ok
test_frozen_output_reserve_must_match_budget (test_dispatch_policy.DispatchPolicyTests.test_frozen_output_reserve_must_match_budget) ... ok
test_known_permissions_measured_budget_and_fresh_history_pass_local_policy (test_dispatch_policy.DispatchPolicyTests.test_known_permissions_measured_budget_and_fresh_history_pass_local_policy) ... ok
test_new_topic_cannot_reuse_nonempty_history (test_dispatch_policy.DispatchPolicyTests.test_new_topic_cannot_reuse_nonempty_history) ... ok
test_stale_or_mismatched_evidence_is_rejected (test_dispatch_policy.DispatchPolicyTests.test_stale_or_mismatched_evidence_is_rejected) ... ok
test_unknown_or_denied_privacy_and_any_marked_secret_block (test_dispatch_policy.DispatchPolicyTests.test_unknown_or_denied_privacy_and_any_marked_secret_block) ... ok
test_unknown_or_peer_contaminated_remote_history_blocks (test_dispatch_policy.DispatchPolicyTests.test_unknown_or_peer_contaminated_remote_history_blocks) ... ok
test_extra_context_fields_rejected (test_independent_context.IndependentContextTests.test_extra_context_fields_rejected) ... ok
test_modified_payload_rejected_even_when_well_formed (test_independent_context.IndependentContextTests.test_modified_payload_rejected_even_when_well_formed) ... ok
test_original_constraints_and_assumptions_remain_visible (test_independent_context.IndependentContextTests.test_original_constraints_and_assumptions_remain_visible) ... ok
test_other_debate_round_or_participant_rejected (test_independent_context.IndependentContextTests.test_other_debate_round_or_participant_rejected) ... ok
test_peer_content_cannot_be_supplied (test_independent_context.IndependentContextTests.test_peer_content_cannot_be_supplied) ... ok
test_provider_text_is_data_not_a_role (test_independent_context.IndependentContextTests.test_provider_text_is_data_not_a_role) ... ok
test_recovery_reconstructs_exact_bytes (test_independent_context.IndependentContextTests.test_recovery_reconstructs_exact_bytes) ... ok
test_stale_recovery_and_wrong_participant_rejected (test_independent_context.IndependentContextTests.test_stale_recovery_and_wrong_participant_rejected) ... ok
test_prepared_operation_is_preserved_after_switch_to_manual (test_manual_sources.ExistingOperationManualGuardTests.test_prepared_operation_is_preserved_after_switch_to_manual) ... ok
test_accepted_content_survives_restart_with_exact_manual_provenance (test_manual_sources.ManualSourceTests.test_accepted_content_survives_restart_with_exact_manual_provenance) ... ok
test_candidate_hash_detects_modified_answer (test_manual_sources.ManualSourceTests.test_candidate_hash_detects_modified_answer) ... ok
test_change_during_user_review_fails_revision_guard (test_manual_sources.ManualSourceTests.test_change_during_user_review_fails_revision_guard) ... ok
test_cli_eof_keeps_staged_content_unaccepted (test_manual_sources.ManualSourceTests.test_cli_eof_keeps_staged_content_unaccepted) ... ok
test_connection_switch_invalidates_pending_acceptance (test_manual_sources.ManualSourceTests.test_connection_switch_invalidates_pending_acceptance) ... ok
test_diverged_prompt_is_retained_but_not_used_as_aligned_round_context (test_manual_sources.ManualSourceTests.test_diverged_prompt_is_retained_but_not_used_as_aligned_round_context) ... ok
test_double_acceptance_never_replaces_the_answer (test_manual_sources.ManualSourceTests.test_double_acceptance_never_replaces_the_answer) ... ok
test_event_or_record_insert_failure_rolls_back_whole_acceptance (test_manual_sources.ManualSourceTests.test_event_or_record_insert_failure_rolls_back_whole_acceptance) ... ok
test_exact_local_review_phrase_is_required_and_eof_does_not_accept (test_manual_sources.ManualSourceTests.test_exact_local_review_phrase_is_required_and_eof_does_not_accept) ... ok
test_failed_v7_migration_restores_v6_tables_and_checksums (test_manual_sources.ManualSourceTests.test_failed_v7_migration_restores_v6_tables_and_checksums) ... ok
test_false_confirmation_wrong_hash_and_stale_revision_do_not_advance (test_manual_sources.ManualSourceTests.test_false_confirmation_wrong_hash_and_stale_revision_do_not_advance) ... ok
test_modified_candidate_and_deleted_acceptance_are_rejected_on_restart (test_manual_sources.ManualSourceTests.test_modified_candidate_and_deleted_acceptance_are_rejected_on_restart) ... ok
test_real_cli_stages_and_accepts_exact_content_without_provider_calls (test_manual_sources.ManualSourceTests.test_real_cli_stages_and_accepts_exact_content_without_provider_calls) ... ok
test_real_process_exit_after_commit_preserves_manual_answer (test_manual_sources.ManualSourceTests.test_real_process_exit_after_commit_preserves_manual_answer) ... ok
test_real_process_exit_before_commit_rolls_back_acceptance_and_event (test_manual_sources.ManualSourceTests.test_real_process_exit_before_commit_rolls_back_acceptance_and_event) ... ok
test_rehashed_replacement_record_does_not_match_approval_event (test_manual_sources.ManualSourceTests.test_rehashed_replacement_record_does_not_match_approval_event) ... ok
test_round_not_seen_is_diverged_even_if_prompt_matches (test_manual_sources.ManualSourceTests.test_round_not_seen_is_diverged_even_if_prompt_matches) ... ok
test_secret_class_or_known_secret_is_not_persisted (test_manual_sources.ManualSourceTests.test_secret_class_or_known_secret_is_not_persisted) ... ok
test_staging_is_not_acceptance_or_provider_confirmation (test_manual_sources.ManualSourceTests.test_staging_is_not_acceptance_or_provider_confirmation) ... ok
test_submission_cannot_supply_approval_expected_prompt_or_live_provenance (test_manual_sources.ManualSourceTests.test_submission_cannot_supply_approval_expected_prompt_or_live_provenance) ... ok
test_text_approval_claim_does_not_approve_itself (test_manual_sources.ManualSourceTests.test_text_approval_claim_does_not_approve_itself) ... ok
test_v6_to_v7_preserves_published_migration_hashes (test_manual_sources.ManualSourceTests.test_v6_to_v7_preserves_published_migration_hashes) ... ok
test_changed_constraints_and_wrong_snapshot_rejected (test_question_contracts.QuestionContractsTests.test_changed_constraints_and_wrong_snapshot_rejected) ... ok
test_exact_original_and_constraints_survive_json (test_question_contracts.QuestionContractsTests.test_exact_original_and_constraints_survive_json) ... ok
test_explicit_adoption_preserves_original (test_question_contracts.QuestionContractsTests.test_explicit_adoption_preserves_original) ... ok
test_extra_fields_and_bool_version_rejected (test_question_contracts.QuestionContractsTests.test_extra_fields_and_bool_version_rejected) ... ok
test_hash_binds_identity_revision_and_exact_whitespace (test_question_contracts.QuestionContractsTests.test_hash_binds_identity_revision_and_exact_whitespace) ... ok
test_missing_duplicate_and_out_of_range_coverage_rejected (test_question_contracts.QuestionContractsTests.test_missing_duplicate_and_out_of_range_coverage_rejected) ... ok
test_no_implicit_adoption (test_question_contracts.QuestionContractsTests.test_no_implicit_adoption) ... ok
test_revision_must_advance_exactly_once (test_question_contracts.QuestionContractsTests.test_revision_must_advance_exactly_once) ... ok
test_snapshot_is_immutable (test_question_contracts.QuestionContractsTests.test_snapshot_is_immutable) ... ok
test_stale_revision_and_wrong_proposal_hash_rejected (test_question_contracts.QuestionContractsTests.test_stale_revision_and_wrong_proposal_hash_rejected) ... ok
test_adoption_after_round_registration_rejected (test_question_storage.QuestionStorageTests.test_adoption_after_round_registration_rejected) ... ok
test_approval_survives_reopen_and_advances_checkpoint (test_question_storage.QuestionStorageTests.test_approval_survives_reopen_and_advances_checkpoint) ... ok
test_candidate_does_not_approve_itself_or_change_original (test_question_storage.QuestionStorageTests.test_candidate_does_not_approve_itself_or_change_original) ... ok
test_duplicate_version_cannot_replace_candidate (test_question_storage.QuestionStorageTests.test_duplicate_version_cannot_replace_candidate) ... ok
test_event_failure_rolls_back_adoption_and_revision (test_question_storage.QuestionStorageTests.test_event_failure_rolls_back_adoption_and_revision) ... ok
test_export_keeps_candidate_and_exact_original_after_adoption (test_question_storage.QuestionStorageTests.test_export_keeps_candidate_and_exact_original_after_adoption) ... ok
test_failed_v3_upgrade_preserves_v2 (test_question_storage.QuestionStorageTests.test_failed_v3_upgrade_preserves_v2) ... ok
test_false_confirmation_and_stale_revision_do_not_write (test_question_storage.QuestionStorageTests.test_false_confirmation_and_stale_revision_do_not_write) ... ok
test_missing_candidate_and_second_adoption_rejected (test_question_storage.QuestionStorageTests.test_missing_candidate_and_second_adoption_rejected) ... ok
test_orphan_adoption_event_prevents_reopen (test_question_storage.QuestionStorageTests.test_orphan_adoption_event_prevents_reopen) ... ok
test_process_exit_after_commit_preserves_adoption (test_question_storage.QuestionStorageTests.test_process_exit_after_commit_preserves_adoption) ... ok
test_process_exit_before_commit_rolls_back_event_and_adoption (test_question_storage.QuestionStorageTests.test_process_exit_before_commit_rolls_back_event_and_adoption) ... ok
test_tampered_candidate_prevents_reopen (test_question_storage.QuestionStorageTests.test_tampered_candidate_prevents_reopen) ... ok
test_v2_upgrade_preserves_original_and_history (test_question_storage.QuestionStorageTests.test_v2_upgrade_preserves_original_and_history) ... ok
test_wrong_snapshot_and_changed_constraint_not_recorded (test_question_storage.QuestionStorageTests.test_wrong_snapshot_and_changed_constraint_not_recorded) ... ok
test_blind_allowlist_omits_identity_prompt_and_control_metadata (test_round_context.RoundContextTests.test_blind_allowlist_omits_identity_prompt_and_control_metadata) ... ok
test_critique_cannot_reference_an_answer_from_its_future (test_round_context.RoundContextTests.test_critique_cannot_reference_an_answer_from_its_future) ... ok
test_critique_without_required_target_is_rejected (test_round_context.RoundContextTests.test_critique_without_required_target_is_rejected) ... ok
test_duplicate_sources_or_grants_are_rejected (test_round_context.RoundContextTests.test_duplicate_sources_or_grants_are_rejected) ... ok
test_exact_recovery_rejects_tampered_message_and_parameter (test_round_context.RoundContextTests.test_exact_recovery_rejects_tampered_message_and_parameter) ... ok
test_future_round_or_other_debate_is_not_allowed (test_round_context.RoundContextTests.test_future_round_or_other_debate_is_not_allowed) ... ok
test_grant_does_not_transfer_to_another_account_model_or_revision (test_round_context.RoundContextTests.test_grant_does_not_transfer_to_another_account_model_or_revision) ... ok
test_missing_required_source_never_silently_drops_minority (test_round_context.RoundContextTests.test_missing_required_source_never_silently_drops_minority) ... ok
test_named_mode_needs_explicit_exact_identity_authorization (test_round_context.RoundContextTests.test_named_mode_needs_explicit_exact_identity_authorization) ... ok
test_provider_injection_stays_in_data_and_cannot_choose_judge (test_round_context.RoundContextTests.test_provider_injection_stays_in_data_and_cannot_choose_judge) ... ok
test_secret_tag_blocks_even_with_matching_allow_grant (test_round_context.RoundContextTests.test_secret_tag_blocks_even_with_matching_allow_grant) ... ok
test_source_change_requires_new_exact_grant (test_round_context.RoundContextTests.test_source_change_requires_new_exact_grant) ... ok
test_source_from_before_question_adoption_is_rejected (test_round_context.RoundContextTests.test_source_from_before_question_adoption_is_rejected) ... ok
test_source_order_does_not_change_frozen_context (test_round_context.RoundContextTests.test_source_order_does_not_change_frozen_context) ... ok
test_source_provenance_cannot_be_silently_relabeled (test_round_context.RoundContextTests.test_source_provenance_cannot_be_silently_relabeled) ... ok
test_synthesis_requires_matching_trusted_judge_selection (test_round_context.RoundContextTests.test_synthesis_requires_matching_trusted_judge_selection) ... ok
test_targeted_scope_preserves_all_required_dissent_and_provenance (test_round_context.RoundContextTests.test_targeted_scope_preserves_all_required_dissent_and_provenance) ... ok
test_unknown_or_blocked_transfer_prevents_entire_context (test_round_context.RoundContextTests.test_unknown_or_blocked_transfer_prevents_entire_context) ... ok
test_failed_v5_upgrade_leaves_v4_unchanged (test_source_storage.SourceMigrationTests.test_failed_v5_upgrade_leaves_v4_unchanged) ... ok
test_v4_upgrade_preserves_published_checksums (test_source_storage.SourceMigrationTests.test_v4_upgrade_preserves_published_checksums) ... ok
test_complete_unconfirmed_response_is_not_a_source (test_source_storage.SourceStorageTests.test_complete_unconfirmed_response_is_not_a_source) ... ok
test_confirmed_answer_binds_exact_round_prompt_result_and_provenance (test_source_storage.SourceStorageTests.test_confirmed_answer_binds_exact_round_prompt_result_and_provenance) ... ok
test_deleted_source_is_detected_without_relying_on_foreign_keys (test_source_storage.SourceStorageTests.test_deleted_source_is_detected_without_relying_on_foreign_keys) ... ok
test_equal_request_hashes_do_not_merge_independent_operations (test_source_storage.SourceStorageTests.test_equal_request_hashes_do_not_merge_independent_operations) ... ok
test_event_binding_cannot_be_changed (test_source_storage.SourceStorageTests.test_event_binding_cannot_be_changed) ... ok
test_existing_source_cannot_be_reclassified (test_source_storage.SourceStorageTests.test_existing_source_cannot_be_reclassified) ... ok
test_final_insert_failure_rolls_back_event_and_checkpoint (test_source_storage.SourceStorageTests.test_final_insert_failure_rolls_back_event_and_checkpoint) ... ok
test_historical_source_survives_a_connection_change (test_source_storage.SourceStorageTests.test_historical_source_survives_a_connection_change) ... ok
test_invalid_response_cannot_be_published (test_source_storage.SourceStorageTests.test_invalid_response_cannot_be_published) ... ok
test_modified_record_is_detected_on_reopen (test_source_storage.SourceStorageTests.test_modified_record_is_detected_on_reopen) ... ok
test_prepared_intent_is_not_a_canonical_source (test_source_storage.SourceStorageTests.test_prepared_intent_is_not_a_canonical_source) ... ok
test_process_exit_after_source_commit_preserves_publication (test_source_storage.SourceStorageTests.test_process_exit_after_source_commit_preserves_publication) ... ok
test_process_exit_before_source_commit_rolls_back_publication (test_source_storage.SourceStorageTests.test_process_exit_before_source_commit_rolls_back_publication) ... ok
test_quarantined_result_does_not_replace_published_source (test_source_storage.SourceStorageTests.test_quarantined_result_does_not_replace_published_source) ... ok
test_rehashed_source_still_cannot_replace_its_canonical_result (test_source_storage.SourceStorageTests.test_rehashed_source_still_cannot_replace_its_canonical_result) ... ok
test_repeat_publication_is_an_exact_noop (test_source_storage.SourceStorageTests.test_repeat_publication_is_an_exact_noop) ... ok
test_stale_revision_preserves_entire_database (test_source_storage.SourceStorageTests.test_stale_revision_preserves_entire_database) ... ok
test_unknown_and_partial_results_never_become_sources (test_source_storage.SourceStorageTests.test_unknown_and_partial_results_never_become_sources) ... ok
test_untrusted_response_does_not_grant_roles_or_live_provenance (test_source_storage.SourceStorageTests.test_untrusted_response_does_not_grant_roles_or_live_provenance) ... ok

----------------------------------------------------------------------
Ran 170 tests in 5.060s

OK
{"phase": "P04", "scope": "P04_QUESTION_CONTEXT_AND_POLICY_OFFLINE_NOT_FULL_PHASE_ACCEPTANCE", "status": "PASS", "counts": {"tests": 170, "failures": 0, "errors": 0, "skipped": 0}}
