{
  "project": "Consilium",
  "phase": "P01",
  "scope": "OFFLINE_FOUNDATION_DEMO",
  "debate_completed": false,
  "live_provider_calls": 0,
  "result": {
    "identity": {
      "logical_operation_id": "62d649bc-38be-4053-ac0e-1a139963445a",
      "attempt_id": "f894297a-d502-408b-9a0d-d4b6544bc953",
      "generation_id": null
    },
    "request_hash": "8d9463413a64d78b7c36158fbfa49451aeef55b0fa5eefa2becd7bb0820f943c",
    "connection_id": "8aa718de-0e50-4785-85ab-c09170980b8c",
    "connection_revision": 0,
    "delivery": "CONFIRMED_DELIVERY",
    "response_state": "PARTIAL",
    "content": "{\"answer\":\"unfinished",
    "failure": "TIMEOUT",
    "response_id": "mock-f894297a-d502-408b-9a0d-d4b6544bc953",
    "evidence": [
      "MOCK_ONLY:partial"
    ],
    "elapsed_seconds": 2.0
  }
}
