{
  "project": "Consilium",
  "phase": "P01",
  "scope": "OFFLINE_FOUNDATION_DEMO",
  "debate_completed": false,
  "live_provider_calls": 0,
  "result": {
    "identity": {
      "logical_operation_id": "d54133c5-093d-4763-94b4-50bc69e9c5b4",
      "attempt_id": "13c2f841-e5a7-4f4b-ab60-6b96ad1a2204",
      "generation_id": null
    },
    "request_hash": "8d9463413a64d78b7c36158fbfa49451aeef55b0fa5eefa2becd7bb0820f943c",
    "connection_id": "0679fc6d-3f77-4c52-8b0d-be3b27db8e3d",
    "connection_revision": 0,
    "delivery": "CONFIRMED_DELIVERY",
    "response_state": "COMPLETE",
    "content": "{\"answer\":\"offline mock response\"}",
    "failure": "NONE",
    "response_id": "mock-13c2f841-e5a7-4f4b-ab60-6b96ad1a2204",
    "evidence": [
      "MOCK_ONLY:success"
    ],
    "elapsed_seconds": 0.0
  }
}
