{
  "project": "Consilium",
  "phase": "P01",
  "scope": "OFFLINE_FOUNDATION_DEMO",
  "debate_completed": false,
  "live_provider_calls": 0,
  "result": {
    "identity": {
      "logical_operation_id": "083c2879-2ef4-4a23-84cd-608e0edef6dc",
      "attempt_id": "3a061a3b-5d67-483f-bd52-dd4ea2d56919",
      "generation_id": null
    },
    "request_hash": "8d9463413a64d78b7c36158fbfa49451aeef55b0fa5eefa2becd7bb0820f943c",
    "connection_id": "25933eed-932c-4047-8a82-0b3031e7a15d",
    "connection_revision": 0,
    "delivery": "UNKNOWN_DELIVERY",
    "response_state": "NONE",
    "content": null,
    "failure": "TIMEOUT",
    "response_id": null,
    "evidence": [
      "MOCK_ONLY:timeout_after_send"
    ],
    "elapsed_seconds": 2.0
  }
}
