{
  "project": "Consilium",
  "phase": "P01",
  "scope": "OFFLINE_FOUNDATION_DEMO",
  "debate_completed": false,
  "live_provider_calls": 0,
  "result": {
    "identity": {
      "logical_operation_id": "4b48e0b0-b724-4248-bb48-3d18194c16bd",
      "attempt_id": "a1001804-1eab-49ff-b183-e9e7a494e03d",
      "generation_id": null
    },
    "request_hash": "8d9463413a64d78b7c36158fbfa49451aeef55b0fa5eefa2becd7bb0820f943c",
    "connection_id": "1e3a1a9f-210c-4a49-8941-2c6288945e30",
    "connection_revision": 0,
    "delivery": "CONFIRMED_DELIVERY",
    "response_state": "PARTIAL",
    "content": "{\"answer\":\"unfinished",
    "failure": "TIMEOUT",
    "response_id": "mock-a1001804-1eab-49ff-b183-e9e7a494e03d",
    "evidence": [
      "MOCK_ONLY:partial"
    ],
    "elapsed_seconds": 2.0
  }
}
