test_ambiguous_result_cannot_be_replaced_by_later_claimed_success (test_probe.BrowserProbeTests.test_ambiguous_result_cannot_be_replaced_by_later_claimed_success) ... ok
test_an_assistant_message_cannot_be_the_user_message (test_probe.BrowserProbeTests.test_an_assistant_message_cannot_be_the_user_message) ... ok
test_another_operation_or_input_is_rejected_without_ledger_change (test_probe.BrowserProbeTests.test_another_operation_or_input_is_rejected_without_ledger_change) ... ok
test_authentication_needs_all_observed_identity_fields (test_probe.BrowserProbeTests.test_authentication_needs_all_observed_identity_fields) ... ok
test_budget_is_finite_and_never_above_sixty_seconds (test_probe.BrowserProbeTests.test_budget_is_finite_and_never_above_sixty_seconds) ... ok
test_cached_authenticated_ticket_cannot_start_after_logout_expiry_or_observer_loss (test_probe.BrowserProbeTests.test_cached_authenticated_ticket_cannot_start_after_logout_expiry_or_observer_loss) ... ok
test_changed_account_conversation_or_model_cannot_confirm (test_probe.BrowserProbeTests.test_changed_account_conversation_or_model_cannot_confirm) ... ok
test_cli_diagnostics_never_dump_private_invalid_input (test_probe.BrowserProbeTests.test_cli_diagnostics_never_dump_private_invalid_input) ... ok
test_cli_logout_context_blocks_without_ticket_or_ledger_mutation (test_probe.BrowserProbeTests.test_cli_logout_context_blocks_without_ticket_or_ledger_mutation) ... ok
test_cli_single_step_start_inspect_record_works_without_account_or_ui (test_probe.BrowserProbeTests.test_cli_single_step_start_inspect_record_works_without_account_or_ui) ... ok
test_cli_start_requires_current_context_but_read_only_inspection_does_not (test_probe.BrowserProbeTests.test_cli_start_requires_current_context_but_read_only_inspection_does_not) ... ok
test_click_success_without_correlated_prompt_remains_unknown (test_probe.BrowserProbeTests.test_click_success_without_correlated_prompt_remains_unknown) ... ok
test_complete_requires_positive_completion_evidence (test_probe.BrowserProbeTests.test_complete_requires_positive_completion_evidence) ... ok
test_complete_transport_output_does_not_bypass_product_validation (test_probe.BrowserProbeTests.test_complete_transport_output_does_not_bypass_product_validation) ... ok
test_current_context_cannot_be_omitted_or_replaced_with_ticket_default (test_probe.BrowserProbeTests.test_current_context_cannot_be_omitted_or_replaced_with_ticket_default) ... ok
test_dispatch_commits_before_external_ui_action (test_probe.BrowserProbeTests.test_dispatch_commits_before_external_ui_action) ... ok
test_expired_authenticated_session_remains_ambiguous_after_dispatch (test_probe.BrowserProbeTests.test_expired_authenticated_session_remains_ambiguous_after_dispatch) ... ok
test_failed_ledger_start_preserves_ticket_but_does_not_dispatch (test_probe.BrowserProbeTests.test_failed_ledger_start_preserves_ticket_but_does_not_dispatch) ... ok
test_fresh_context_must_keep_account_conversation_and_model_binding (test_probe.BrowserProbeTests.test_fresh_context_must_keep_account_conversation_and_model_binding) ... ok
test_identical_result_recording_is_idempotent (test_probe.BrowserProbeTests.test_identical_result_recording_is_idempotent) ... ok
test_known_secret_cannot_enter_ticket_or_result (test_probe.BrowserProbeTests.test_known_secret_cannot_enter_ticket_or_result) ... ok
test_matching_prompt_without_response_is_pending_not_complete (test_probe.BrowserProbeTests.test_matching_prompt_without_response_is_pending_not_complete) ... ok
test_missing_click_observation_never_proves_not_sent (test_probe.BrowserProbeTests.test_missing_click_observation_never_proves_not_sent) ... ok
test_new_observation_evidence_does_not_change_the_frozen_request (test_probe.BrowserProbeTests.test_new_observation_evidence_does_not_change_the_frozen_request) ... ok
test_no_response_cannot_contain_hidden_output (test_probe.BrowserProbeTests.test_no_response_cannot_contain_hidden_output) ... ok
test_observation_schema_rejects_credential_fields (test_probe.BrowserProbeTests.test_observation_schema_rejects_credential_fields) ... ok
test_old_matching_prompt_without_unique_attempt_marker_cannot_start (test_probe.BrowserProbeTests.test_old_matching_prompt_without_unique_attempt_marker_cannot_start) ... ok
test_partial_cannot_claim_completion_evidence (test_probe.BrowserProbeTests.test_partial_cannot_claim_completion_evidence) ... ok
test_partial_output_is_durable_and_never_confirmed (test_probe.BrowserProbeTests.test_partial_output_is_durable_and_never_confirmed) ... ok
test_partial_ticket_is_not_silently_repaired (test_probe.BrowserProbeTests.test_partial_ticket_is_not_silently_repaired) ... ok
test_probe_rejects_api_mode (test_probe.BrowserProbeTests.test_probe_rejects_api_mode) ... ok
test_probe_rejects_unfrozen_transport_binding (test_probe.BrowserProbeTests.test_probe_rejects_unfrozen_transport_binding) ... ok
test_probe_version_cannot_be_boolean (test_probe.BrowserProbeTests.test_probe_version_cannot_be_boolean) ... ok
test_process_exit_after_dispatch_never_reinvokes (test_probe.BrowserProbeTests.test_process_exit_after_dispatch_never_reinvokes) ... ok
test_process_exit_after_result_keeps_received_response (test_probe.BrowserProbeTests.test_process_exit_after_result_keeps_received_response) ... ok
test_process_exit_after_ticket_before_ledger_leaves_prepared (test_probe.BrowserProbeTests.test_process_exit_after_ticket_before_ledger_leaves_prepared) ... ok
test_recorder_never_certifies_adapter_capabilities (test_probe.BrowserProbeTests.test_recorder_never_certifies_adapter_capabilities) ... ok
test_response_must_reference_exact_observed_user_message (test_probe.BrowserProbeTests.test_response_must_reference_exact_observed_user_message) ... ok
test_rewritten_ticket_cannot_change_the_durable_conversation_binding (test_probe.BrowserProbeTests.test_rewritten_ticket_cannot_change_the_durable_conversation_binding) ... ok
test_sign_in_page_is_not_proof_of_expiration (test_probe.BrowserProbeTests.test_sign_in_page_is_not_proof_of_expiration) ... ok
test_signed_out_context_cannot_start_probe (test_probe.BrowserProbeTests.test_signed_out_context_cannot_start_probe) ... ok
test_stale_result_is_quarantined_without_confirming (test_probe.BrowserProbeTests.test_stale_result_is_quarantined_without_confirming) ... ok
test_started_attempt_cannot_be_started_twice (test_probe.BrowserProbeTests.test_started_attempt_cannot_be_started_twice) ... ok
test_wrong_prompt_hash_cannot_confirm_delivery (test_probe.BrowserProbeTests.test_wrong_prompt_hash_cannot_confirm_delivery) ... ok

----------------------------------------------------------------------
Ran 44 tests in 3.045s

OK
{"phase": "P03", "scope": "P03_PROBE_RECORDER_OFFLINE_NOT_LIVE_BROWSER_ACCEPTANCE", "status": "PASS", "counts": {"tests": 44, "failures": 0, "errors": 0, "skipped": 0}}
