test_all_manual_council_including_selected_judge (test_council.CouncilCase.test_all_manual_council_including_selected_judge) ... ok
test_ambiguous_mock_delivery_cannot_resend_replace_or_finish (test_council.CouncilCase.test_ambiguous_mock_delivery_cannot_resend_replace_or_finish) ... ok
test_analysis_hash_or_event_tampering_detected_on_reopen (test_council.CouncilCase.test_analysis_hash_or_event_tampering_detected_on_reopen) ... ok
test_checkpoint_markdown_json_participant_history_and_assessments_regenerate (test_council.CouncilCase.test_checkpoint_markdown_json_participant_history_and_assessments_regenerate) ... ok
test_cli_new_preserves_question_and_waits_for_architect_user_review (test_council.CouncilCase.test_cli_new_preserves_question_and_waits_for_architect_user_review) ... ok
test_cli_pause_resume_and_checkpoint_exports_use_real_processes (test_council.CouncilCase.test_cli_pause_resume_and_checkpoint_exports_use_real_processes) ... ok
test_completed_record_deletion_detected_even_when_row_is_missing (test_council.CouncilCase.test_completed_record_deletion_detected_even_when_row_is_missing) ... ok
test_explicit_named_peer_review_still_gives_selected_judge_blind_metadata (test_council.CouncilCase.test_explicit_named_peer_review_still_gives_selected_judge_blind_metadata) ... ok
test_failed_v10_upgrade_rolls_back_with_no_new_records (test_council.CouncilCase.test_failed_v10_upgrade_rolls_back_with_no_new_records) ... ok
test_final_cannot_reopen_with_active_wait_state (test_council.CouncilCase.test_final_cannot_reopen_with_active_wait_state) ... ok
test_final_output_cannot_claim_truth_probability_or_application_authority (test_council.CouncilCase.test_final_output_cannot_claim_truth_probability_or_application_authority) ... ok
test_finish_requires_peer_review_and_valid_user_selected_judge (test_council.CouncilCase.test_finish_requires_peer_review_and_valid_user_selected_judge) ... ok
test_full_mock_council_and_targeted_continuation_survive_restart (test_council.CouncilCase.test_full_mock_council_and_targeted_continuation_survive_restart) ... ok
test_incomplete_critique_cannot_complete_round_or_gain_default_score (test_council.CouncilCase.test_incomplete_critique_cannot_complete_round_or_gain_default_score) ... ok
test_initial_context_excludes_already_generated_peer_answer (test_council.CouncilCase.test_initial_context_excludes_already_generated_peer_answer) ... ok
test_initial_differences_remain_in_final_with_unscored_accepting_reviews (test_council.CouncilCase.test_initial_differences_remain_in_final_with_unscored_accepting_reviews) ... ok
test_invalid_judge_json_never_becomes_a_canonical_source (test_council.CouncilCase.test_invalid_judge_json_never_becomes_a_canonical_source) ... ok
test_judge_connection_change_does_not_silently_replace_selected_judge (test_council.CouncilCase.test_judge_connection_change_does_not_silently_replace_selected_judge) ... ok
test_judge_schema_rejects_boolean_or_float_version (test_council.CouncilCase.test_judge_schema_rejects_boolean_or_float_version) ... ok
test_late_previous_round_execution_cannot_change_new_round (test_council.CouncilCase.test_late_previous_round_execution_cannot_change_new_round) ... ok
test_literal_export_survives_fence_injection_and_technical_bidi (test_council.CouncilCase.test_literal_export_survives_fence_injection_and_technical_bidi) ... ok
test_live_or_subclassed_driver_cannot_use_mock_permissions (test_council.CouncilCase.test_live_or_subclassed_driver_cannot_use_mock_permissions) ... ok
test_missing_wrong_stale_or_unconfirmed_judge_rejected (test_council.CouncilCase.test_missing_wrong_stale_or_unconfirmed_judge_rejected) ... ok
test_mixed_mock_manual_answers_and_reviews_share_pipeline (test_council.CouncilCase.test_mixed_mock_manual_answers_and_reviews_share_pipeline) ... ok
test_no_next_round_before_user_gate_and_analyst_cannot_decide (test_council.CouncilCase.test_no_next_round_before_user_gate_and_analyst_cannot_decide) ... ok
test_pause_reopen_and_resume_require_explicit_fresh_user_choice (test_council.CouncilCase.test_pause_reopen_and_resume_require_explicit_fresh_user_choice) ... ok
test_real_exit_after_analysis_commit (test_council.CouncilCase.test_real_exit_after_analysis_commit) ... ok
test_real_exit_after_final_commit (test_council.CouncilCase.test_real_exit_after_final_commit) ... ok
test_real_exit_after_judge_commit (test_council.CouncilCase.test_real_exit_after_judge_commit) ... ok
test_real_exit_before_analysis_commit (test_council.CouncilCase.test_real_exit_before_analysis_commit) ... ok
test_real_exit_before_final_commit (test_council.CouncilCase.test_real_exit_before_final_commit) ... ok
test_real_exit_before_judge_commit (test_council.CouncilCase.test_real_exit_before_judge_commit) ... ok
test_review_metadata_is_blind_by_default (test_council.CouncilCase.test_review_metadata_is_blind_by_default) ... ok
test_selected_judge_receives_frozen_output_schema_and_all_dissent (test_council.CouncilCase.test_selected_judge_receives_frozen_output_schema_and_all_dissent) ... ok
test_single_reviewer_round_is_rejected_without_consuming_user_decision (test_council.CouncilCase.test_single_reviewer_round_is_rejected_without_consuming_user_decision) ... ok
test_stale_and_old_round_decisions_leave_state_unchanged (test_council.CouncilCase.test_stale_and_old_round_decisions_leave_state_unchanged) ... ok
test_terminal_state_without_final_is_rejected_on_reopen (test_council.CouncilCase.test_terminal_state_without_final_is_rejected_on_reopen) ... ok
test_transaction_rolls_back_analysis_or_final_record_failure (test_council.CouncilCase.test_transaction_rolls_back_analysis_or_final_record_failure) ... ok
test_unscored_reviews_preserve_explicit_status_without_fabricated_score (test_council.CouncilCase.test_unscored_reviews_preserve_explicit_status_without_fabricated_score) ... ok
test_v9_upgrade_preserves_all_old_migration_records_and_canonical_sources (test_council.CouncilCase.test_v9_upgrade_preserves_all_old_migration_records_and_canonical_sources) ... ok

----------------------------------------------------------------------
Ran 40 tests in 12.358s

OK
{"phase": "P05", "scope": "P05_FULL_OFFLINE_COUNCIL_NOT_LIVE_PROVIDER_CERTIFICATION", "status": "PASS", "counts": {"tests": 40, "failures": 0, "errors": 0, "skipped": 0}}
