{
  "project": "Consilium",
  "phase": "P01",
  "scope": "OFFLINE_FOUNDATION_DEMO",
  "debate_completed": false,
  "live_provider_calls": 0,
  "result": {
    "identity": {
      "logical_operation_id": "65b79f5e-252c-434b-90c2-365b6de22c3e",
      "attempt_id": "b7503ecd-c3e0-4f06-9ee1-8e3b0ea17830",
      "generation_id": null
    },
    "request_hash": "8d9463413a64d78b7c36158fbfa49451aeef55b0fa5eefa2becd7bb0820f943c",
    "connection_id": "3e97e02a-215c-4a0b-afe2-68d5e6c4e32f",
    "connection_revision": 0,
    "delivery": "CONFIRMED_DELIVERY",
    "response_state": "PARTIAL",
    "content": "{\"answer\":\"unfinished",
    "failure": "TIMEOUT",
    "response_id": "mock-b7503ecd-c3e0-4f06-9ee1-8e3b0ea17830",
    "evidence": [
      "MOCK_ONLY:partial"
    ],
    "elapsed_seconds": 2.0
  }
}
