{
  "project": "Consilium",
  "phase": "P01",
  "scope": "OFFLINE_FOUNDATION_DEMO",
  "debate_completed": false,
  "live_provider_calls": 0,
  "result": {
    "identity": {
      "logical_operation_id": "a72e3ba9-12ba-4ec6-9afd-ea3e4b3736fa",
      "attempt_id": "c205f901-4e95-4221-bfa3-6c6ed2230273",
      "generation_id": null
    },
    "request_hash": "8d9463413a64d78b7c36158fbfa49451aeef55b0fa5eefa2becd7bb0820f943c",
    "connection_id": "d2f78fda-a11a-4a54-a259-d9d672f2e10b",
    "connection_revision": 0,
    "delivery": "CONFIRMED_DELIVERY",
    "response_state": "COMPLETE",
    "content": "{\"answer\":\"offline mock response\"}",
    "failure": "NONE",
    "response_id": "mock-c205f901-4e95-4221-bfa3-6c6ed2230273",
    "evidence": [
      "MOCK_ONLY:success"
    ],
    "elapsed_seconds": 0.0
  }
}
