{
  "project": "Consilium",
  "phase": "P01",
  "scope": "OFFLINE_FOUNDATION_DEMO",
  "debate_completed": false,
  "live_provider_calls": 0,
  "result": {
    "identity": {
      "logical_operation_id": "b6f8e338-d8f9-462b-a830-bcd756631950",
      "attempt_id": "e6cae4b4-70c7-47c9-b340-778bfbb422c8",
      "generation_id": null
    },
    "request_hash": "8d9463413a64d78b7c36158fbfa49451aeef55b0fa5eefa2becd7bb0820f943c",
    "connection_id": "249d8db0-1570-433a-8da1-a8eea04e7741",
    "connection_revision": 0,
    "delivery": "UNKNOWN_DELIVERY",
    "response_state": "NONE",
    "content": null,
    "failure": "TIMEOUT",
    "response_id": null,
    "evidence": [
      "MOCK_ONLY:timeout_after_send"
    ],
    "elapsed_seconds": 2.0
  }
}
