{
  "project": "Consilium",
  "phase": "P01",
  "scope": "OFFLINE_FOUNDATION_DEMO",
  "debate_completed": false,
  "live_provider_calls": 0,
  "result": {
    "identity": {
      "logical_operation_id": "7ca3ec96-426f-4a6c-872b-afc813c37b13",
      "attempt_id": "fa013d66-b5ea-4287-9123-e0c8972f10c7",
      "generation_id": null
    },
    "request_hash": "8d9463413a64d78b7c36158fbfa49451aeef55b0fa5eefa2becd7bb0820f943c",
    "connection_id": "2c21f777-6385-45cb-a5dc-64fa3c859bc1",
    "connection_revision": 0,
    "delivery": "UNKNOWN_DELIVERY",
    "response_state": "NONE",
    "content": null,
    "failure": "TIMEOUT",
    "response_id": null,
    "evidence": [
      "MOCK_ONLY:timeout_after_send"
    ],
    "elapsed_seconds": 2.0
  }
}
