test_a_conflicting_second_result_is_quarantined_without_replacing_canonical (test_ledger.LedgerTests.test_a_conflicting_second_result_is_quarantined_without_replacing_canonical) ... ok
test_a_second_dispatch_waits_for_the_first_operation_to_be_resolved (test_ledger.LedgerTests.test_a_second_dispatch_waits_for_the_first_operation_to_be_resolved) ... FAIL
test_ambiguous_retry_is_denied_even_if_somebody_supplies_an_unsent_claim (test_ledger.LedgerTests.test_ambiguous_retry_is_denied_even_if_somebody_supplies_an_unsent_claim) ... ok
test_complete_raw_result_is_not_canonical_until_validated_and_confirmed (test_ledger.LedgerTests.test_complete_raw_result_is_not_canonical_until_validated_and_confirmed) ... ok
test_confirmed_result_resume_uses_no_provider_calls (test_ledger.LedgerTests.test_confirmed_result_resume_uses_no_provider_calls) ... ok
test_current_revision_cannot_reopen_an_old_decision_after_next_round (test_ledger.LedgerTests.test_current_revision_cannot_reopen_an_old_decision_after_next_round) ... ok
test_decision_gate_cannot_open_for_an_unconfirmed_round (test_ledger.LedgerTests.test_decision_gate_cannot_open_for_an_unconfirmed_round) ... ok
test_dispatch_refuses_modified_frozen_input_or_connection (test_ledger.LedgerTests.test_dispatch_refuses_modified_frozen_input_or_connection) ... ok
test_duplicate_json_keys_and_wrong_response_shape_are_rejected (test_ledger.LedgerTests.test_duplicate_json_keys_and_wrong_response_shape_are_rejected) ... ok
test_finish_waits_for_explicit_judge_and_does_not_complete_debate (test_ledger.LedgerTests.test_finish_waits_for_explicit_judge_and_does_not_complete_debate) ... ok
test_invalid_json_marked_complete_by_transport_is_not_confirmed (test_ledger.LedgerTests.test_invalid_json_marked_complete_by_transport_is_not_confirmed) ... ok
test_invalid_state_transitions_are_rejected (test_ledger.LedgerTests.test_invalid_state_transitions_are_rejected) ... ok
test_late_result_after_connection_change_is_quarantined (test_ledger.LedgerTests.test_late_result_after_connection_change_is_quarantined) ... ok
test_new_current_revision_does_not_make_an_old_dispatch_result_current (test_ledger.LedgerTests.test_new_current_revision_does_not_make_an_old_dispatch_result_current) ... ok
test_no_next_round_without_a_current_continue_decision (test_ledger.LedgerTests.test_no_next_round_without_a_current_continue_decision) ... FAIL
test_prepare_and_resume_cannot_authorize_work_after_finish (test_ledger.LedgerTests.test_prepare_and_resume_cannot_authorize_work_after_finish) ... FAIL
test_provider_is_called_outside_transaction_and_can_open_a_second_connection (test_ledger.LedgerTests.test_provider_is_called_outside_transaction_and_can_open_a_second_connection) ... ok
test_recording_the_exact_same_result_again_is_a_noop (test_ledger.LedgerTests.test_recording_the_exact_same_result_again_is_a_noop) ... ok
test_response_pending_unknown_partial_invalid_and_login_are_distinct (test_ledger.LedgerTests.test_response_pending_unknown_partial_invalid_and_login_are_distinct) ... ok
test_result_with_foreign_identity_or_hash_is_refused (test_ledger.LedgerTests.test_result_with_foreign_identity_or_hash_is_refused) ... ok
test_result_with_known_secret_is_not_persisted (test_ledger.LedgerTests.test_result_with_known_secret_is_not_persisted) ... ok
test_retry_after_binding_change_is_denied (test_ledger.LedgerTests.test_retry_after_binding_change_is_denied) ... ok
test_retry_can_confirm_one_canonical_response_and_preserves_the_old_unsent_attempt (test_ledger.LedgerTests.test_retry_can_confirm_one_canonical_response_and_preserves_the_old_unsent_attempt) ... ok
test_retry_denies_missing_reason_unverified_capabilities_and_nonnegative_probe (test_ledger.LedgerTests.test_retry_denies_missing_reason_unverified_capabilities_and_nonnegative_probe) ... ok
test_runner_exception_preserves_ambiguity_and_never_automatically_retries (test_ledger.LedgerTests.test_runner_exception_preserves_ambiguity_and_never_automatically_retries) ... ok
test_send_cannot_start_without_a_prepared_intent (test_ledger.LedgerTests.test_send_cannot_start_without_a_prepared_intent) ... ok
test_send_start_is_durable_and_reopen_never_calls_provider (test_ledger.LedgerTests.test_send_start_is_durable_and_reopen_never_calls_provider) ... ok
test_stale_unconfirmed_validation_resume_requires_a_decision (test_ledger.LedgerTests.test_stale_unconfirmed_validation_resume_requires_a_decision) ... ok
test_stale_user_decision_cannot_override_a_new_binding_or_wait_state (test_ledger.LedgerTests.test_stale_user_decision_cannot_override_a_new_binding_or_wait_state) ... ok
test_tampered_result_hash_is_rejected_on_reopen (test_ledger.LedgerTests.test_tampered_result_hash_is_rejected_on_reopen) ... ok
test_two_workers_cannot_dispatch_the_same_attempt_twice (test_ledger.LedgerTests.test_two_workers_cannot_dispatch_the_same_attempt_twice) ... ok
test_verified_unsent_retry_has_a_new_attempt_but_preserves_logical_generation_and_input (test_ledger.LedgerTests.test_verified_unsent_retry_has_a_new_attempt_but_preserves_logical_generation_and_input) ... ok
test_v1_data_and_immutable_migration_hash_survive_upgrade (test_ledger.MigrationTests.test_v1_data_and_immutable_migration_hash_survive_upgrade) ... ok
test_process_exit_before_send (test_ledger.ProcessCrashTests.test_process_exit_before_send) ... ok
test_process_exit_after_send_start_before_transport (test_ledger.ProcessCrashTests.test_process_exit_after_send_start_before_transport) ... ok
test_process_exit_after_external_mock_send (test_ledger.ProcessCrashTests.test_process_exit_after_external_mock_send) ... ok
test_process_exit_before_result_persistence (test_ledger.ProcessCrashTests.test_process_exit_before_result_persistence) ... ok
test_process_exit_inside_result_transaction (test_ledger.ProcessCrashTests.test_process_exit_inside_result_transaction) ... ok
test_process_exit_after_result_persistence (test_ledger.ProcessCrashTests.test_process_exit_after_result_persistence) ... ok
test_process_exit_after_validation (test_ledger.ProcessCrashTests.test_process_exit_after_validation) ... ok
test_process_exit_inside_confirmation_transaction (test_ledger.ProcessCrashTests.test_process_exit_inside_confirmation_transaction) ... ok
test_process_exit_after_confirmation (test_ledger.ProcessCrashTests.test_process_exit_after_confirmation) ... ok
test_actual_process_exit_after_intent_preserves_frozen_input_and_checkpoint (test_storage.StorageTests.test_actual_process_exit_after_intent_preserves_frozen_input_and_checkpoint) ... ok
test_actual_process_exit_before_intent_keeps_previous_checkpoint (test_storage.StorageTests.test_actual_process_exit_before_intent_keeps_previous_checkpoint) ... ok
test_actual_process_exit_inside_intent_rolls_back_all_partial_writes (test_storage.StorageTests.test_actual_process_exit_inside_intent_rolls_back_all_partial_writes) ... ok
test_backup_contains_committed_intent_and_can_be_reopened (test_storage.StorageTests.test_backup_contains_committed_intent_and_can_be_reopened) ... ok
test_backup_does_not_overwrite_existing_file_or_database (test_storage.StorageTests.test_backup_does_not_overwrite_existing_file_or_database) ... ok
test_checkpoint_cannot_be_rewound_while_newer_events_exist (test_storage.StorageTests.test_checkpoint_cannot_be_rewound_while_newer_events_exist) ... ok
test_connection_cannot_be_bound_to_a_foreign_participant (test_storage.StorageTests.test_connection_cannot_be_bound_to_a_foreign_participant) ... ok
test_connection_revision_changes_and_stale_intent_is_refused (test_storage.StorageTests.test_connection_revision_changes_and_stale_intent_is_refused) ... ok
test_debate_cannot_be_created_with_an_imported_revision (test_storage.StorageTests.test_debate_cannot_be_created_with_an_imported_revision) ... ok
test_duplicate_debate_is_not_silently_replaced (test_storage.StorageTests.test_duplicate_debate_is_not_silently_replaced) ... ok
test_duplicate_logical_operation_does_not_create_another_attempt (test_storage.StorageTests.test_duplicate_logical_operation_does_not_create_another_attempt) ... ok
test_exception_late_in_intent_transaction_leaves_no_half_commit (test_storage.StorageTests.test_exception_late_in_intent_transaction_leaves_no_half_commit) ... ok
test_failed_backup_closes_destination_and_removes_partial_file (test_storage.StorageTests.test_failed_backup_closes_destination_and_removes_partial_file) ... ok
test_failed_migration_rolls_back_all_ddl (test_storage.StorageTests.test_failed_migration_rolls_back_all_ddl) ... ok
test_future_schema_is_refused_without_downgrading_it (test_storage.StorageTests.test_future_schema_is_refused_without_downgrading_it) ... ok
test_intent_for_an_older_registered_round_is_refused (test_storage.StorageTests.test_intent_for_an_older_registered_round_is_refused) ... ok
test_known_private_material_is_refused_before_persistence (test_storage.StorageTests.test_known_private_material_is_refused_before_persistence) ... ok
test_migration_is_idempotent_on_reopen (test_storage.StorageTests.test_migration_is_idempotent_on_reopen) ... ok
test_missing_schema_table_is_refused (test_storage.StorageTests.test_missing_schema_table_is_refused) ... ok
test_modified_migration_checksum_is_refused (test_storage.StorageTests.test_modified_migration_checksum_is_refused) ... ok
test_new_database_has_durable_settings_and_valid_schema (test_storage.StorageTests.test_new_database_has_durable_settings_and_valid_schema) ... ok
test_old_debate_revision_or_wrong_round_cannot_prepare_intent (test_storage.StorageTests.test_old_debate_revision_or_wrong_round_cannot_prepare_intent) ... ok
test_original_request_and_constraints_survive_reopen_exactly (test_storage.StorageTests.test_original_request_and_constraints_survive_reopen_exactly) ... ok
test_prepare_persists_exact_frozen_input_event_and_checkpoint_together (test_storage.StorageTests.test_prepare_persists_exact_frozen_input_event_and_checkpoint_together) ... ok
test_reused_attempt_id_rolls_back_new_operation_and_event (test_storage.StorageTests.test_reused_attempt_id_rolls_back_new_operation_and_event) ... ok
test_round_cannot_reference_another_debate_or_participant (test_storage.StorageTests.test_round_cannot_reference_another_debate_or_participant) ... ok
test_same_input_hash_allows_two_intentional_logical_operations (test_storage.StorageTests.test_same_input_hash_allows_two_intentional_logical_operations) ... ok
test_two_writers_cannot_both_apply_the_same_old_revision (test_storage.StorageTests.test_two_writers_cannot_both_apply_the_same_old_revision) ... ok
test_unowned_database_is_not_adopted (test_storage.StorageTests.test_unowned_database_is_not_adopted) ... ok

======================================================================
FAIL: test_a_second_dispatch_waits_for_the_first_operation_to_be_resolved (test_ledger.LedgerTests.test_a_second_dispatch_waits_for_the_first_operation_to_be_resolved)
----------------------------------------------------------------------
Traceback (most recent call last):
  File "/workspace/scratch/2cd898e3d2ec/consilium_audit_project/tests/persistence/test_ledger.py", line 329, in test_a_second_dispatch_waits_for_the_first_operation_to_be_resolved
    with self.assertRaises(Conflict): self.store.ledger.begin_send(request, expected_revision=self.revision)
         ^^^^^^^^^^^^^^^^^^^^^^^^^^^
AssertionError: Conflict not raised

======================================================================
FAIL: test_no_next_round_without_a_current_continue_decision (test_ledger.LedgerTests.test_no_next_round_without_a_current_continue_decision)
----------------------------------------------------------------------
Traceback (most recent call last):
  File "/workspace/scratch/2cd898e3d2ec/consilium_audit_project/tests/persistence/test_ledger.py", line 301, in test_no_next_round_without_a_current_continue_decision
    with self.assertRaises(Conflict): self.store.register_round(next_round, expected_revision=self.revision)
         ^^^^^^^^^^^^^^^^^^^^^^^^^^^
AssertionError: Conflict not raised

======================================================================
FAIL: test_prepare_and_resume_cannot_authorize_work_after_finish (test_ledger.LedgerTests.test_prepare_and_resume_cannot_authorize_work_after_finish)
----------------------------------------------------------------------
Traceback (most recent call last):
  File "/workspace/scratch/2cd898e3d2ec/consilium_audit_project/tests/persistence/test_ledger.py", line 321, in test_prepare_and_resume_cannot_authorize_work_after_finish
    with self.assertRaises(Conflict): self.store.prepare_intent(extra)
         ^^^^^^^^^^^^^^^^^^^^^^^^^^^
AssertionError: Conflict not raised

----------------------------------------------------------------------
Ran 71 tests in 1.991s

FAILED (failures=3)
{"phase": "P02", "scope": "P02_STORAGE_AND_PREPARED_INTENT_SLICE_NOT_PHASE_ACCEPTANCE", "status": "FAIL", "counts": {"tests": 71, "failures": 3, "errors": 0, "skipped": 0}}
