test_failure_before_reports_exist_still_publishes_a_failed_checkpoint (test_native_recording.NativeRecordingControls.test_failure_before_reports_exist_still_publishes_a_failed_checkpoint) ... ok
test_old_mutable_reports_cannot_be_reused_as_a_fresh_native_run (test_native_recording.NativeRecordingControls.test_old_mutable_reports_cannot_be_reused_as_a_fresh_native_run) ... ok
test_timed_out_check_preserves_partial_log_and_failed_checkpoint (test_native_recording.NativeRecordingControls.test_timed_out_check_preserves_partial_log_and_failed_checkpoint) ... ok
test_accepted_criterion_bytes_survive_later_changes (test_qualityctl.QualityControls.test_accepted_criterion_bytes_survive_later_changes) ... ok
test_accepted_phase_advances_only_one_step (test_qualityctl.QualityControls.test_accepted_phase_advances_only_one_step) ... ok
test_archive_byte_tampering_is_rejected (test_qualityctl.QualityControls.test_archive_byte_tampering_is_rejected) ... ok
test_archive_case_collisions_are_rejected (test_qualityctl.QualityControls.test_archive_case_collisions_are_rejected) ... ok
test_archive_unsafe_member_is_rejected (test_qualityctl.QualityControls.test_archive_unsafe_member_is_rejected) ... ok
test_changed_baseline_is_rejected (test_qualityctl.QualityControls.test_changed_baseline_is_rejected) ... ok
test_changed_criterion_text_blocks (test_qualityctl.QualityControls.test_changed_criterion_text_blocks) ... ok
test_current_failed_run_without_junit_keeps_error_and_log (test_qualityctl.QualityControls.test_current_failed_run_without_junit_keeps_error_and_log) ... ok
test_current_run_from_older_source_is_explicit (test_qualityctl.QualityControls.test_current_run_from_older_source_is_explicit) ... ok
test_current_run_junit_tampering_blocks_handoff (test_qualityctl.QualityControls.test_current_run_junit_tampering_blocks_handoff) ... ok
test_current_run_log_tampering_blocks_handoff (test_qualityctl.QualityControls.test_current_run_log_tampering_blocks_handoff) ... ok
test_current_run_receipt_tampering_blocks_handoff (test_qualityctl.QualityControls.test_current_run_receipt_tampering_blocks_handoff) ... ok
test_duplicate_check_ids_are_rejected (test_qualityctl.QualityControls.test_duplicate_check_ids_are_rejected) ... ok
test_empty_multiline_environment_example_is_safe (test_qualityctl.QualityControls.test_empty_multiline_environment_example_is_safe) ... ok
test_existing_acceptance_evidence_can_be_preserved_without_advancing (test_qualityctl.QualityControls.test_existing_acceptance_evidence_can_be_preserved_without_advancing) ... ok
test_expensive_acceptance_check_is_not_silently_repeated (test_qualityctl.QualityControls.test_expensive_acceptance_check_is_not_silently_repeated) ... ok
test_fabricated_completed_status_is_rejected (test_qualityctl.QualityControls.test_fabricated_completed_status_is_rejected) ... ok
test_failed_work_in_progress_preserves_checkpoint_and_run (test_qualityctl.QualityControls.test_failed_work_in_progress_preserves_checkpoint_and_run) ... ok
test_failing_junit_overrides_zero_exit (test_qualityctl.QualityControls.test_failing_junit_overrides_zero_exit) ... ok
test_gate_lock_blocks_parallel_update (test_qualityctl.QualityControls.test_gate_lock_blocks_parallel_update) ... ok
test_handoff_includes_accepted_evidence (test_qualityctl.QualityControls.test_handoff_includes_accepted_evidence) ... ok
test_handoff_includes_generated_navigation (test_qualityctl.QualityControls.test_handoff_includes_generated_navigation) ... ok
test_handoff_keeps_native_report_graph_without_editing_source_allowlist (test_qualityctl.QualityControls.test_handoff_keeps_native_report_graph_without_editing_source_allowlist) ... ok
test_handoff_keeps_precise_in_phase_resume_point (test_qualityctl.QualityControls.test_handoff_keeps_precise_in_phase_resume_point) ... ok
test_handoff_roundtrip_preserves_source_fingerprint (test_qualityctl.QualityControls.test_handoff_roundtrip_preserves_source_fingerprint) ... ok
test_incomplete_handoff_is_explicit (test_qualityctl.QualityControls.test_incomplete_handoff_is_explicit) ... ok
test_inconsistent_junit_totals_fail (test_qualityctl.QualityControls.test_inconsistent_junit_totals_fail) ... ok
test_independent_next_phase_blocker_is_preserved (test_qualityctl.QualityControls.test_independent_next_phase_blocker_is_preserved) ... ok
test_initial_status_retains_unverified_application (test_qualityctl.QualityControls.test_initial_status_retains_unverified_application) ... ok
test_invalid_timeout_is_rejected (test_qualityctl.QualityControls.test_invalid_timeout_is_rejected) ... ok
test_known_low_severity_defect_blocks (test_qualityctl.QualityControls.test_known_low_severity_defect_blocks) ... ok
test_latest_pointer_cannot_reference_another_phase (test_qualityctl.QualityControls.test_latest_pointer_cannot_reference_another_phase) ... ok
test_manually_changed_navigation_is_not_a_second_truth (test_qualityctl.QualityControls.test_manually_changed_navigation_is_not_a_second_truth) ... ok
test_missing_exit_criterion_blocks (test_qualityctl.QualityControls.test_missing_exit_criterion_blocks) ... ok
test_missing_review_does_not_advance_progress (test_qualityctl.QualityControls.test_missing_review_does_not_advance_progress) ... ok
test_navigation_detects_changed_progress_and_refreshes (test_qualityctl.QualityControls.test_navigation_detects_changed_progress_and_refreshes) ... ok
test_navigation_detects_changes_to_acceptance_checks (test_qualityctl.QualityControls.test_navigation_detects_changes_to_acceptance_checks) ... ok
test_navigation_does_not_advance_or_change_canonical_data (test_qualityctl.QualityControls.test_navigation_does_not_advance_or_change_canonical_data) ... ok
test_no_registered_checks_blocks_phase (test_qualityctl.QualityControls.test_no_registered_checks_blocks_phase) ... ok
test_nonempty_recognizable_environment_credential_is_rejected (test_qualityctl.QualityControls.test_nonempty_recognizable_environment_credential_is_rejected) ... ok
test_nonzero_exit_overrides_passing_junit (test_qualityctl.QualityControls.test_nonzero_exit_overrides_passing_junit) ... ok
test_old_junit_is_not_reused (test_qualityctl.QualityControls.test_old_junit_is_not_reused) ... ok
test_omitted_source_is_rejected (test_qualityctl.QualityControls.test_omitted_source_is_rejected) ... ok
test_out_of_order_phase_is_blocked (test_qualityctl.QualityControls.test_out_of_order_phase_is_blocked) ... ok
test_path_traversal_is_rejected (test_qualityctl.QualityControls.test_path_traversal_is_rejected) ... ok
test_preservation_refuses_already_changed_original_proof (test_qualityctl.QualityControls.test_preservation_refuses_already_changed_original_proof) ... ok
test_progress_change_invalidates_receipt (test_qualityctl.QualityControls.test_progress_change_invalidates_receipt) ... ok
test_regression_checks_are_included (test_qualityctl.QualityControls.test_regression_checks_are_included) ... ok
test_sensitive_file_is_rejected (test_qualityctl.QualityControls.test_sensitive_file_is_rejected) ... ok
test_shared_junit_output_is_rejected (test_qualityctl.QualityControls.test_shared_junit_output_is_rejected) ... ok
test_skipped_test_fails (test_qualityctl.QualityControls.test_skipped_test_fails) ... ok
test_source_change_invalidates_receipt (test_qualityctl.QualityControls.test_source_change_invalidates_receipt) ... ok
test_source_fingerprint_order_is_portable_across_native_path_ordering (test_qualityctl.QualityControls.test_source_fingerprint_order_is_portable_across_native_path_ordering) ... ok
test_stale_navigation_blocks_handoff (test_qualityctl.QualityControls.test_stale_navigation_blocks_handoff) ... ok
test_successful_command_without_junit_fails (test_qualityctl.QualityControls.test_successful_command_without_junit_fails) ... ok
test_symlink_is_rejected (test_qualityctl.QualityControls.test_symlink_is_rejected) ... ok
test_tampered_log_blocks (test_qualityctl.QualityControls.test_tampered_log_blocks) ... ok
test_unknown_finding_type_cannot_hide_a_defect (test_qualityctl.QualityControls.test_unknown_finding_type_cannot_hide_a_defect) ... ok
test_zero_tests_fails (test_qualityctl.QualityControls.test_zero_tests_fails) ... ok
test_another_host_cannot_be_renamed_windows (test_target_checks.TargetEvidenceControls.test_another_host_cannot_be_renamed_windows) ... ok
test_complete_current_synthetic_graph_exercises_success_path (test_target_checks.TargetEvidenceControls.test_complete_current_synthetic_graph_exercises_success_path) ... ok
test_duplicate_smoke_scenarios_are_not_complete_evidence (test_target_checks.TargetEvidenceControls.test_duplicate_smoke_scenarios_are_not_complete_evidence) ... ok
test_false_subcheck_status_cannot_hide_recorded_failures (test_target_checks.TargetEvidenceControls.test_false_subcheck_status_cannot_hide_recorded_failures) ... ok
test_linux_success_does_not_count_as_windows (test_target_checks.TargetEvidenceControls.test_linux_success_does_not_count_as_windows) ... ok
test_missing_check_log_is_rejected (test_target_checks.TargetEvidenceControls.test_missing_check_log_is_rejected) ... ok
test_missing_native_runs_do_not_pass (test_target_checks.TargetEvidenceControls.test_missing_native_runs_do_not_pass) ... ok
test_native_report_test_counts_must_match_junit (test_target_checks.TargetEvidenceControls.test_native_report_test_counts_must_match_junit) ... ok
test_skipped_native_test_is_rejected (test_target_checks.TargetEvidenceControls.test_skipped_native_test_is_rejected) ... ok
test_smoke_label_cannot_hide_a_wrong_delivery_outcome (test_target_checks.TargetEvidenceControls.test_smoke_label_cannot_hide_a_wrong_delivery_outcome) ... ok
test_stale_source_is_rejected (test_target_checks.TargetEvidenceControls.test_stale_source_is_rejected) ... ok
test_status_only_smoke_rows_are_rejected (test_target_checks.TargetEvidenceControls.test_status_only_smoke_rows_are_rejected) ... ok
test_tampered_target_bytes_are_rejected (test_target_checks.TargetEvidenceControls.test_tampered_target_bytes_are_rejected) ... ok

----------------------------------------------------------------------
Ran 75 tests in 1.959s

OK
{"scope": "DEVELOPMENT_CONTROL_TOOLING_ONLY", "status": "PASS", "counts": {"tests": 75, "failures": 0, "errors": 0, "skipped": 0, "expected_failures": 0, "unexpected_successes": 0}}
