{
  "project": "Consilium",
  "phase": "P01",
  "scope": "OFFLINE_FOUNDATION_DEMO",
  "debate_completed": false,
  "live_provider_calls": 0,
  "result": {
    "identity": {
      "logical_operation_id": "4f784a9f-9c73-4d81-ae90-d38662651e69",
      "attempt_id": "3c6899c4-2316-4281-a49e-c017d250ae4c",
      "generation_id": null
    },
    "request_hash": "8d9463413a64d78b7c36158fbfa49451aeef55b0fa5eefa2becd7bb0820f943c",
    "connection_id": "3a7e5ab7-a2e9-4c8f-86ac-05218a38859c",
    "connection_revision": 0,
    "delivery": "CONFIRMED_DELIVERY",
    "response_state": "COMPLETE",
    "content": "{\"answer\":\"offline mock response\"}",
    "failure": "NONE",
    "response_id": "mock-3c6899c4-2316-4281-a49e-c017d250ae4c",
    "evidence": [
      "MOCK_ONLY:success"
    ],
    "elapsed_seconds": 0.0
  }
}
