{
  "project": "Consilium",
  "phase": "P01",
  "scope": "OFFLINE_FOUNDATION_DEMO",
  "debate_completed": false,
  "live_provider_calls": 0,
  "result": {
    "identity": {
      "logical_operation_id": "9851ee31-3039-448d-a8ce-92886bcc111a",
      "attempt_id": "8b1a8136-0bba-49e4-aa8d-be6b4fa49388",
      "generation_id": null
    },
    "request_hash": "8d9463413a64d78b7c36158fbfa49451aeef55b0fa5eefa2becd7bb0820f943c",
    "connection_id": "07305e93-d584-46c5-976a-25db1edb2467",
    "connection_revision": 0,
    "delivery": "CONFIRMED_DELIVERY",
    "response_state": "COMPLETE",
    "content": "{\"answer\":\"offline mock response\"}",
    "failure": "NONE",
    "response_id": "mock-8b1a8136-0bba-49e4-aa8d-be6b4fa49388",
    "evidence": [
      "MOCK_ONLY:success"
    ],
    "elapsed_seconds": 0.0
  }
}
